Component: ARM Compiler 6.7 Tool: armlink [5c9ef700]

==============================================================================

Section Cross References

    main.o(.text.All_Init) refers to zf_common_clock.o(.text.clock_init) for clock_init
    main.o(.text.All_Init) refers to zf_common_debug.o(.text.debug_init) for debug_init
    main.o(.text.All_Init) refers to zf_driver_delay.o(.text.system_delay_ms) for system_delay_ms
    main.o(.text.All_Init) refers to zf_device_ips200.o(.text.ips200_init) for ips200_init
    main.o(.text.All_Init) refers to zf_device_mt9v03x.o(.text.mt9v03x_init) for mt9v03x_init
    main.o(.text.All_Init) refers to zf_device_key.o(.text.key_init) for key_init
    main.o(.text.All_Init) refers to zf_driver_gpio.o(.text.gpio_init) for gpio_init
    main.o(.text.All_Init) refers to beep.o(.text.Buzzer_On_Count) for Buzzer_On_Count
    main.o(.text.All_Init) refers to zf_driver_pwm.o(.text.pwm_init) for pwm_init
    main.o(.text.All_Init) refers to zf_driver_encoder.o(.text.encoder_quad_init) for encoder_quad_init
    main.o(.text.All_Init) refers to zf_device_mpu6050.o(.text.mpu6050_init) for mpu6050_init
    main.o(.text.All_Init) refers to zf_common_clock.o(.data.system_clock) for system_clock
    main.o(.text.All_Init) refers to zf_driver_pit.o(.text.pit_init) for pit_init
    main.o(.text.All_Init) refers to zf_common_interrupt.o(.text.interrupt_set_priority) for interrupt_set_priority
    main.o(.ARM.exidx.text.All_Init) refers to main.o(.text.All_Init) for [Anonymous Symbol]
    main.o(.text.main) refers to main.o(.text.All_Init) for All_Init
    main.o(.text.main) refers to zf_device_mt9v03x.o(.bss.mt9v03x_finish_flag) for mt9v03x_finish_flag
    main.o(.text.main) refers to zf_device_mt9v03x.o(.bss.image_copy) for image_copy
    main.o(.text.main) refers to zf_device_mt9v03x.o(.bss.mt9v03x_image) for mt9v03x_image
    main.o(.text.main) refers to memcpya.o(.text) for __aeabi_memcpy
    main.o(.text.main) refers to image.o(.text.image_process) for image_process
    main.o(.ARM.exidx.text.main) refers to main.o(.text.main) for [Anonymous Symbol]
    isr.o(.ARM.exidx.text.TIM1_UP_IRQHandler) refers to isr.o(.text.TIM1_UP_IRQHandler) for [Anonymous Symbol]
    isr.o(.text.TIM2_IRQHandler) refers to zf_device_key.o(.text.key_scanner) for key_scanner
    isr.o(.text.TIM2_IRQHandler) refers to zf_device_key.o(.text.key_get_state) for key_get_state
    isr.o(.text.TIM2_IRQHandler) refers to menu.o(.text.moveup) for moveup
    isr.o(.text.TIM2_IRQHandler) refers to menu.o(.text.menu_display) for menu_display
    isr.o(.text.TIM2_IRQHandler) refers to zf_device_key.o(.text.key_clear_state) for key_clear_state
    isr.o(.text.TIM2_IRQHandler) refers to menu.o(.text.movedown) for movedown
    isr.o(.text.TIM2_IRQHandler) refers to menu.o(.text.Sure) for Sure
    isr.o(.text.TIM2_IRQHandler) refers to menu.o(.text.Back) for Back
    isr.o(.ARM.exidx.text.TIM2_IRQHandler) refers to isr.o(.text.TIM2_IRQHandler) for [Anonymous Symbol]
    isr.o(.ARM.exidx.text.TIM3_IRQHandler) refers to isr.o(.text.TIM3_IRQHandler) for [Anonymous Symbol]
    isr.o(.ARM.exidx.text.TIM4_IRQHandler) refers to isr.o(.text.TIM4_IRQHandler) for [Anonymous Symbol]
    isr.o(.ARM.exidx.text.TIM5_IRQHandler) refers to isr.o(.text.TIM5_IRQHandler) for [Anonymous Symbol]
    isr.o(.text.TIM6_IRQHandler) refers to zf_driver_encoder.o(.text.encoder_get_count) for encoder_get_count
    isr.o(.text.TIM6_IRQHandler) refers to isr.o(.bss.encoder1) for encoder1
    isr.o(.text.TIM6_IRQHandler) refers to isr.o(.bss.en_speed1) for en_speed1
    isr.o(.text.TIM6_IRQHandler) refers to isr.o(.bss.en_location1) for en_location1
    isr.o(.text.TIM6_IRQHandler) refers to zf_driver_encoder.o(.text.encoder_clear_count) for encoder_clear_count
    isr.o(.text.TIM6_IRQHandler) refers to isr.o(.bss.encoder2) for encoder2
    isr.o(.text.TIM6_IRQHandler) refers to isr.o(.bss.en_speed2) for en_speed2
    isr.o(.text.TIM6_IRQHandler) refers to isr.o(.bss.en_location2) for en_location2
    isr.o(.text.TIM6_IRQHandler) refers to fflti.o(.text) for __aeabi_i2f
    isr.o(.text.TIM6_IRQHandler) refers to main.o(.data.Speed_l) for Speed_l
    isr.o(.text.TIM6_IRQHandler) refers to main.o(.data.Speed_r) for Speed_r
    isr.o(.text.TIM6_IRQHandler) refers to pid.o(.text.PID_Position_Update) for PID_Position_Update
    isr.o(.text.TIM6_IRQHandler) refers to zf_device_mpu6050.o(.text.mpu6050_get_acc) for mpu6050_get_acc
    isr.o(.text.TIM6_IRQHandler) refers to zf_device_mpu6050.o(.text.mpu6050_get_gyro) for mpu6050_get_gyro
    isr.o(.ARM.exidx.text.TIM6_IRQHandler) refers to isr.o(.text.TIM6_IRQHandler) for [Anonymous Symbol]
    isr.o(.text.TIM7_IRQHandler) refers to isr.o(.bss.count1) for count1
    isr.o(.text.TIM7_IRQHandler) refers to image.o(.bss.pid_flag) for pid_flag
    isr.o(.text.TIM7_IRQHandler) refers to image.o(.data.ZhongZhi) for ZhongZhi
    isr.o(.text.TIM7_IRQHandler) refers to ffltui.o(.text) for __aeabi_ui2f
[...]
    BusFault_Handler                         0x08000423   Thumb Code     2  startup_mm32f3277g.o(.text)
    UsageFault_Handler                       0x08000425   Thumb Code     2  startup_mm32f3277g.o(.text)
    SVC_Handler                              0x08000427   Thumb Code     2  startup_mm32f3277g.o(.text)
    DebugMon_Handler                         0x08000429   Thumb Code     2  startup_mm32f3277g.o(.text)
    PendSV_Handler                           0x0800042b   Thumb Code     2  startup_mm32f3277g.o(.text)
    SysTick_Handler                          0x0800042d   Thumb Code     2  startup_mm32f3277g.o(.text)
    ADC1_2_IRQHandler                        0x0800042f   Thumb Code     0  startup_mm32f3277g.o(.text)
    ADC3_IRQHandler                          0x0800042f   Thumb Code     0  startup_mm32f3277g.o(.text)
    CAN1_RX_IRQHandler                       0x0800042f   Thumb Code     0  startup_mm32f3277g.o(.text)
    COMP1_2_IRQHandler                       0x0800042f   Thumb Code     0  startup_mm32f3277g.o(.text)
    ETH_IRQHandler                           0x0800042f   Thumb Code     0  startup_mm32f3277g.o(.text)
    FLASH_IRQHandler                         0x0800042f   Thumb Code     0  startup_mm32f3277g.o(.text)
    FlashCache_IRQHandler                    0x0800042f   Thumb Code     0  startup_mm32f3277g.o(.text)
    I2C1_IRQHandler                          0x0800042f   Thumb Code     0  startup_mm32f3277g.o(.text)
    I2C2_IRQHandler                          0x0800042f   Thumb Code     0  startup_mm32f3277g.o(.text)
    OTG_FS_IRQHandler                        0x0800042f   Thumb Code     0  startup_mm32f3277g.o(.text)
    OTG_FS_WKUP_IRQHandler                   0x0800042f   Thumb Code     0  startup_mm32f3277g.o(.text)
    PVD_IRQHandler                           0x0800042f   Thumb Code     0  startup_mm32f3277g.o(.text)
    RCC_CRS_IRQHandler                       0x0800042f   Thumb Code     0  startup_mm32f3277g.o(.text)
    RTCAlarm_IRQHandler                      0x0800042f   Thumb Code     0  startup_mm32f3277g.o(.text)
    RTC_IRQHandler                           0x0800042f   Thumb Code     0  startup_mm32f3277g.o(.text)
    SDIO_IRQHandler                          0x0800042f   Thumb Code     0  startup_mm32f3277g.o(.text)
    SPI1_IRQHandler                          0x0800042f   Thumb Code     0  startup_mm32f3277g.o(.text)
    SPI2_IRQHandler                          0x0800042f   Thumb Code     0  startup_mm32f3277g.o(.text)
    SPI3_IRQHandler                          0x0800042f   Thumb Code     0  startup_mm32f3277g.o(.text)
    TAMPER_IRQHandler                        0x0800042f   Thumb Code     0  startup_mm32f3277g.o(.text)
    TIM1_BRK_IRQHandler                      0x0800042f   Thumb Code     0  startup_mm32f3277g.o(.text)
    TIM1_CC_IRQHandler                       0x0800042f   Thumb Code     0  startup_mm32f3277g.o(.text)
    TIM1_TRG_COM_IRQHandler                  0x0800042f   Thumb Code     0  startup_mm32f3277g.o(.text)
    TIM8_BRK_IRQHandler                      0x0800042f   Thumb Code     0  startup_mm32f3277g.o(.text)
    TIM8_CC_IRQHandler                       0x0800042f   Thumb Code     0  startup_mm32f3277g.o(.text)
    TIM8_TRG_COM_IRQHandler                  0x0800042f   Thumb Code     0  startup_mm32f3277g.o(.text)
    WWDG_IRQHandler                          0x0800042f   Thumb Code     0  startup_mm32f3277g.o(.text)
    __aeabi_memcpy                           0x08000439   Thumb Code    36  memcpya.o(.text)
    __aeabi_memcpy4                          0x08000439   Thumb Code     0  memcpya.o(.text)
    __aeabi_memcpy8                          0x08000439   Thumb Code     0  memcpya.o(.text)
    __aeabi_memset                           0x0800045d   Thumb Code    14  memseta.o(.text)
    __aeabi_memset4                          0x0800045d   Thumb Code     0  memseta.o(.text)
    __aeabi_memset8                          0x0800045d   Thumb Code     0  memseta.o(.text)
    __aeabi_memclr                           0x0800046b   Thumb Code     4  memseta.o(.text)
    __aeabi_memclr4                          0x0800046b   Thumb Code     0  memseta.o(.text)
    __aeabi_memclr8                          0x0800046b   Thumb Code     0  memseta.o(.text)
    _memset$wrapper                          0x0800046f   Thumb Code    18  memseta.o(.text)
    strlen                                   0x08000481   Thumb Code    14  strlen.o(.text)
    strncmp                                  0x0800048f   Thumb Code    30  strncmp.o(.text)
    __aeabi_fadd                             0x080004ad   Thumb Code   164  fadd.o(.text)
    __aeabi_fsub                             0x08000551   Thumb Code     6  fadd.o(.text)
    __aeabi_frsub                            0x08000557   Thumb Code     6  fadd.o(.text)
    __aeabi_fmul                             0x0800055d   Thumb Code   100  fmul.o(.text)
    __aeabi_fdiv                             0x080005c1   Thumb Code   124  fdiv.o(.text)
    __aeabi_dadd                             0x0800063d   Thumb Code   322  dadd.o(.text)
    __aeabi_dsub                             0x0800077f   Thumb Code     6  dadd.o(.text)
    __aeabi_drsub                            0x08000785   Thumb Code     6  dadd.o(.text)
    __aeabi_dmul                             0x0800078b   Thumb Code   228  dmul.o(.text)
    __aeabi_ddiv                             0x0800086f   Thumb Code   222  ddiv.o(.text)
    __aeabi_fcmple                           0x0800094d   Thumb Code    28  fcmple.o(.text)
    __aeabi_fcmpge                           0x08000969   Thumb Code    28  fcmpge.o(.text)
    __aeabi_fcmpeq                           0x08000985   Thumb Code    28  fcmpeq.o(.text)
    __aeabi_dcmple                           0x080009a1   Thumb Code    54  dcmple.o(.text)
    __aeabi_dcmpeq                           0x080009d7   Thumb Code    56  dcmpeq.o(.text)
    __aeabi_i2f                              0x08000a0f   Thumb Code    18  fflti.o(.text)
    __aeabi_ui2f                             0x08000a21   Thumb Code    10  ffltui.o(.text)
    __aeabi_i2d                              0x08000a2b   Thumb Code    34  dflti.o(.text)
    __aeabi_f2iz                             0x08000a4d   Thumb Code    50  ffixi.o(.text)
    __aeabi_f2uiz                            0x08000a7f   Thumb Code    40  ffixui.o(.text)
    __aeabi_d2uiz                            0x08000aa7   Thumb Code    50  dfixui.o(.text)
    __aeabi_f2d                              0x08000ad9   Thumb Code    38  f2d.o(.text)
    __aeabi_d2f                              0x08000aff   Thumb Code    56  d2f.o(.text)
    __aeabi_uidiv                            0x08000b37   Thumb Code     0  uidiv.o(.text)
    __aeabi_uidivmod                         0x08000b37   Thumb Code    44  uidiv.o(.text)
    __aeabi_uldivmod                         0x08000b63   Thumb Code    98  uldiv.o(.text)
    __aeabi_llsl                             0x08000bc5   Thumb Code    30  llshl.o(.text)
    _ll_shift_l                              0x08000bc5   Thumb Code     0  llshl.o(.text)
    __aeabi_llsr                             0x08000be3   Thumb Code    32  llushr.o(.text)
    _ll_ushift_r                             0x08000be3   Thumb Code     0  llushr.o(.text)
    __aeabi_lasr                             0x08000c03   Thumb Code    36  llsshr.o(.text)
    _ll_sshift_r                             0x08000c03   Thumb Code     0  llsshr.o(.text)
    __I$use$fp                               0x08000c27   Thumb Code     0  iusefp.o(.text)
    _float_round                             0x08000c27   Thumb Code    18  fepilogue.o(.text)
    _float_epilogue                          0x08000c39   Thumb Code    92  fepilogue.o(.text)
    _double_round                            0x08000c95   Thumb Code    30  depilogue.o(.text)
    _double_epilogue                         0x08000cb3   Thumb Code   156  depilogue.o(.text)
    __aeabi_d2ulz                            0x08000d4f   Thumb Code    48  dfixul.o(.text)
    __aeabi_cdrcmple                         0x08000d81   Thumb Code    48  cdrcmple.o(.text)
    __scatterload                            0x08000db1   Thumb Code    28  init.o(.text)
    __scatterload_rt2                        0x08000db1   Thumb Code     0  init.o(.text)
    __decompress                             0x08000dd5   Thumb Code     0  __dczerorl2.o(.text)
    __decompress1                            0x08000dd5   Thumb Code    86  __dczerorl2.o(.text)
    All_Init                                 0x08000e2d   Thumb Code   342  main.o(.text.All_Init)
    Back                                     0x08000f85   Thumb Code   478  menu.o(.text.Back)
    Buzzer_On_Count                          0x08001165   Thumb Code    72  beep.o(.text.Buzzer_On_Count)
    ChuJie_Test                              0x080011ad   Thumb Code   154  image.o(.text.ChuJie_Test)
    DMA1_Channel1_IRQHandler                 0x08001249   Thumb Code    34  isr.o(.text.DMA1_Channel1_IRQHandler)
    DMA1_Channel2_IRQHandler                 0x0800126d   Thumb Code    34  isr.o(.text.DMA1_Channel2_IRQHandler)
    DMA1_Channel3_IRQHandler                 0x08001291   Thumb Code    34  isr.o(.text.DMA1_Channel3_IRQHandler)
    DMA1_Channel4_IRQHandler                 0x080012b5   Thumb Code    52  isr.o(.text.DMA1_Channel4_IRQHandler)
    DMA1_Channel5_IRQHandler                 0x080012e9   Thumb Code    34  isr.o(.text.DMA1_Channel5_IRQHandler)
    DMA1_Channel6_IRQHandler                 0x0800130d   Thumb Code    34  isr.o(.text.DMA1_Channel6_IRQHandler)
    DMA1_Channel7_IRQHandler                 0x08001331   Thumb Code    34  isr.o(.text.DMA1_Channel7_IRQHandler)
    DMA2_Channel1_IRQHandler                 0x08001355   Thumb Code    38  isr.o(.text.DMA2_Channel1_IRQHandler)
    DMA2_Channel2_IRQHandler                 0x0800137d   Thumb Code    38  isr.o(.text.DMA2_Channel2_IRQHandler)
    DMA2_Channel3_IRQHandler                 0x080013a5   Thumb Code    38  isr.o(.text.DMA2_Channel3_IRQHandler)
    DMA2_Channel4_IRQHandler                 0x080013cd   Thumb Code    38  isr.o(.text.DMA2_Channel4_IRQHandler)
    DMA2_Channel5_IRQHandler                 0x080013f5   Thumb Code    38  isr.o(.text.DMA2_Channel5_IRQHandler)
    EXTI0_IRQHandler                         0x0800141d   Thumb Code    18  isr.o(.text.EXTI0_IRQHandler)
    EXTI15_10_IRQHandler                     0x08001431   Thumb Code   236  isr.o(.text.EXTI15_10_IRQHandler)
    EXTI1_IRQHandler                         0x0800151d   Thumb Code    18  isr.o(.text.EXTI1_IRQHandler)
    EXTI2_IRQHandler                         0x08001531   Thumb Code    18  isr.o(.text.EXTI2_IRQHandler)
    EXTI3_IRQHandler                         0x08001545   Thumb Code    18  isr.o(.text.EXTI3_IRQHandler)
    EXTI4_IRQHandler                         0x08001559   Thumb Code    28  isr.o(.text.EXTI4_IRQHandler)
    EXTI9_5_IRQHandler                       0x08001575   Thumb Code   200  isr.o(.text.EXTI9_5_IRQHandler)
    Get_Left_Up_Point                        0x0800163d   Thumb Code   388  image.o(.text.Get_Left_Up_Point)
    Get_Left_down_Point                      0x080017c1   Thumb Code   396  image.o(.text.Get_Left_down_Point)
    Get_Right_Up_Point                       0x0800194d   Thumb Code   388  image.o(.text.Get_Right_Up_Point)
    Get_Right_down_Point                     0x08001ad1   Thumb Code   396  image.o(.text.Get_Right_down_Point)
    Judge_Cross                              0x08001c5d   Thumb Code    64  image.o(.text.Judge_Cross)
    Lost_Right                               0x08001c9d   Thumb Code    84  image.o(.text.Lost_Right)
    Motor_Left_PWM                           0x08001cf1   Thumb Code    82  control.o(.text.Motor_Left_PWM)
    Motor_Protection                         0x08001d45   Thumb Code   208  control.o(.text.Motor_Protection)
    Motor_Right_PWM                          0x08001e15   Thumb Code    80  control.o(.text.Motor_Right_PWM)
    OtsuThreshold                            0x08001e65   Thumb Code   798  image.o(.text.OtsuThreshold)
    PID_Position_Update                      0x08002185   Thumb Code   330  pid.o(.text.PID_Position_Update)
    PID_Three_Update                         0x080022d1   Thumb Code   228  pid.o(.text.PID_Three_Update)
    Stop_Test                                0x080023b5   Thumb Code   238  image.o(.text.Stop_Test)
    Sure                                     0x080024a5   Thumb Code    98  menu.o(.text.Sure)
    SystemInit                               0x08002509   Thumb Code    16  system_mm32f3277g.o(.text.SystemInit)
    TIM1_UP_IRQHandler                       0x08002519   Thumb Code    20  isr.o(.text.TIM1_UP_IRQHandler)
    TIM2_IRQHandler                          0x0800252d   Thumb Code   142  isr.o(.text.TIM2_IRQHandler)
    TIM3_IRQHandler                          0x080025bd   Thumb Code    20  isr.o(.text.TIM3_IRQHandler)
    TIM4_IRQHandler                          0x080025d1   Thumb Code    20  isr.o(.text.TIM4_IRQHandler)
    TIM5_IRQHandler                          0x080025e5   Thumb Code    20  isr.o(.text.TIM5_IRQHandler)
    TIM6_IRQHandler                          0x080025f9   Thumb Code   210  isr.o(.text.TIM6_IRQHandler)
    TIM7_IRQHandler                          0x080026cd   Thumb Code   420  isr.o(.text.TIM7_IRQHandler)
    TIM8_UP_IRQHandler                       0x08002871   Thumb Code    32  isr.o(.text.TIM8_UP_IRQHandler)
    UART1_IRQHandler                         0x08002891   Thumb Code    74  isr.o(.text.UART1_IRQHandler)
    UART2_IRQHandler                         0x080028dd   Thumb Code    84  isr.o(.text.UART2_IRQHandler)
    UART3_IRQHandler                         0x08002931   Thumb Code    74  isr.o(.text.UART3_IRQHandler)
    UART4_IRQHandler                         0x0800297d   Thumb Code    74  isr.o(.text.UART4_IRQHandler)
    UART5_IRQHandler                         0x080029c9   Thumb Code    74  isr.o(.text.UART5_IRQHandler)
    UART6_IRQHandler                         0x08002a15   Thumb Code    92  isr.o(.text.UART6_IRQHandler)
    UART7_IRQHandler                         0x08002a71   Thumb Code    74  isr.o(.text.UART7_IRQHandler)
    UART8_IRQHandler                         0x08002abd   Thumb Code    92  isr.o(.text.UART8_IRQHandler)
    adc_convert                              0x08002c1d   Thumb Code   158  zf_driver_adc.o(.text.adc_convert)
    afio_init                                0x08002cbd   Thumb Code   410  zf_driver_gpio.o(.text.afio_init)
    binarizeImage                            0x08002e59   Thumb Code   120  image.o(.text.binarizeImage)
    camera_fifo_init                         0x08002ed1   Thumb Code    34  zf_device_camera.o(.text.camera_fifo_init)
    camera_init                              0x08002ef5   Thumb Code   218  zf_device_camera.o(.text.camera_init)
    clock_init                               0x08002fd1   Thumb Code    40  zf_common_clock.o(.text.clock_init)
    debug_assert_handler                     0x08003315   Thumb Code   132  zf_common_debug.o(.text.debug_assert_handler)
    debug_init                               0x080033d9   Thumb Code    50  zf_common_debug.o(.text.debug_init)
    debug_log_handler                        0x0800340d   Thumb Code    90  zf_common_debug.o(.text.debug_log_handler)
    debug_output_init                        0x0800387d   Thumb Code    80  zf_common_debug.o(.text.debug_output_init)
    debug_output_struct_init                 0x080038cd   Thumb Code    52  zf_common_debug.o(.text.debug_output_struct_init)
    dl1a_get_distance                        0x08003a19   Thumb Code   164  zf_device_dl1a.o(.text.dl1a_get_distance)
    dl1a_int_handler                         0x08003abd   Thumb Code     8  zf_device_dl1a.o(.text.dl1a_int_handler)
    dm1xa_light_callback                     0x08003ac5   Thumb Code    62  zf_device_dm1xa.o(.text.dm1xa_light_callback)
    dm1xa_sound_callback                     0x08003b05   Thumb Code   266  zf_device_dm1xa.o(.text.dm1xa_sound_callback)
    dma_camera_init                          0x08003c11   Thumb Code   360  zf_driver_dma.o(.text.dma_camera_init)
    dma_disable                              0x08003d79   Thumb Code    54  zf_driver_dma.o(.text.dma_disable)
    dma_enable                               0x08003db1   Thumb Code    54  zf_driver_dma.o(.text.dma_enable)
    dma_set_count                            0x08003de9   Thumb Code    66  zf_driver_dma.o(.text.dma_set_count)
    encoder_clear_count                      0x08003e2d   Thumb Code   148  zf_driver_encoder.o(.text.encoder_clear_count)
    encoder_get_count                        0x08003ec1   Thumb Code   230  zf_driver_encoder.o(.text.encoder_get_count)
    encoder_quad_init                        0x08003fa9   Thumb Code   372  zf_driver_encoder.o(.text.encoder_quad_init)
    exti_init                                0x0800411d   Thumb Code   708  zf_driver_exti.o(.text.exti_init)
    fifo_clear                               0x080043e1   Thumb Code   202  zf_common_fifo.o(.text.fifo_clear)
    fifo_init                                0x0800451d   Thumb Code   134  zf_common_fifo.o(.text.fifo_init)
    fifo_read_buffer                         0x080045a5   Thumb Code   572  zf_common_fifo.o(.text.fifo_read_buffer)
    fifo_used                                0x080047e1   Thumb Code    52  zf_common_fifo.o(.text.fifo_used)
    fifo_write_buffer                        0x08004815   Thumb Code   602  zf_common_fifo.o(.text.fifo_write_buffer)
    fifo_write_element                       0x08004a71   Thumb Code   208  zf_common_fifo.o(.text.fifo_write_element)
    func_get_greatest_common_divisor         0x08004b41   Thumb Code    74  zf_common_function.o(.text.func_get_greatest_common_divisor)
    func_uint_to_str                         0x08004b8d   Thumb Code   200  zf_common_function.o(.text.func_uint_to_str)
    get_left                                 0x08004c55   Thumb Code   194  image.o(.text.get_left)
    get_right                                0x08004d19   Thumb Code   194  image.o(.text.get_right)
    get_start_point                          0x08004ddd   Thumb Code  1270  image.o(.text.get_start_point)
    gpio_get_level                           0x080052d5   Thumb Code    58  zf_driver_gpio.o(.text.gpio_get_level)
    gpio_init                                0x08005311   Thumb Code   516  zf_driver_gpio.o(.text.gpio_init)
    gpio_set_level                           0x08005515   Thumb Code   108  zf_driver_gpio.o(.text.gpio_set_level)
    gps_uart_callback                        0x08005581   Thumb Code   332  zf_device_gps_tau1201.o(.text.gps_uart_callback)
    image_draw_rectan                        0x080056cd   Thumb Code   190  image.o(.text.image_draw_rectan)
    image_process                            0x0800578d   Thumb Code  1026  image.o(.text.image_process)
    interrupt_disable                        0x08005b91   Thumb Code    24  zf_common_interrupt.o(.text.interrupt_disable)
    interrupt_enable                         0x08005ba9   Thumb Code    24  zf_common_interrupt.o(.text.interrupt_enable)
    interrupt_global_disable                 0x08005bc1   Thumb Code    38  zf_common_interrupt.o(.text.interrupt_global_disable)
    interrupt_init                           0x08005be9   Thumb Code    10  zf_common_interrupt.o(.text.interrupt_init)
    interrupt_set_priority                   0x08005bf5   Thumb Code    36  zf_common_interrupt.o(.text.interrupt_set_priority)
    ips200_clear                             0x08005c19   Thumb Code   274  zf_device_ips200.o(.text.ips200_clear)
    ips200_draw_point                        0x08005dbd   Thumb Code   268  zf_device_ips200.o(.text.ips200_draw_point)
    ips200_init                              0x08005ec9   Thumb Code  1208  zf_device_ips200.o(.text.ips200_init)
    ips200_set_color                         0x08006381   Thumb Code    50  zf_device_ips200.o(.text.ips200_set_color)
    ips200_set_dir                           0x080063b5   Thumb Code   106  zf_device_ips200.o(.text.ips200_set_dir)
    ips200_show_char                         0x08006511   Thumb Code   770  zf_device_ips200.o(.text.ips200_show_char)
    ips200_show_gray_image                   0x08006815   Thumb Code   568  zf_device_ips200.o(.text.ips200_show_gray_image)
    ips200_show_string                       0x08006a4d   Thumb Code   244  zf_device_ips200.o(.text.ips200_show_string)
    ips200_show_uint                         0x08006b41   Thumb Code   282  zf_device_ips200.o(.text.ips200_show_uint)
    key_clear_all_state                      0x08006eb5   Thumb Code    20  zf_device_key.o(.text.key_clear_all_state)
    key_clear_state                          0x08006ec9   Thumb Code    30  zf_device_key.o(.text.key_clear_state)
    key_get_state                            0x08006ee9   Thumb Code    28  zf_device_key.o(.text.key_get_state)
    key_init                                 0x08006f05   Thumb Code   130  zf_device_key.o(.text.key_init)
    key_scanner                              0x08006f89   Thumb Code   252  zf_device_key.o(.text.key_scanner)
    left_draw_line                           0x08007085   Thumb Code   384  image.o(.text.left_draw_line)
    lenthen_l_border                         0x08007205   Thumb Code   412  image.o(.text.lenthen_l_border)
    lenthen_r_border                         0x080073a1   Thumb Code   412  image.o(.text.lenthen_r_border)
    main                                     0x0800753d   Thumb Code    76  main.o(.text.main)
    menu_display                             0x08007589   Thumb Code   216  menu.o(.text.menu_display)
    movedown                                 0x08007661   Thumb Code    82  menu.o(.text.movedown)
    moveup                                   0x080076b5   Thumb Code    80  menu.o(.text.moveup)
    mpu6050_get_acc                          0x08007705   Thumb Code    94  zf_device_mpu6050.o(.text.mpu6050_get_acc)
    mpu6050_get_gyro                         0x08007765   Thumb Code    94  zf_device_mpu6050.o(.text.mpu6050_get_gyro)
    mpu6050_init                             0x080077c5   Thumb Code   174  zf_device_mpu6050.o(.text.mpu6050_init)
    mt9v03x_get_version                      0x08007a39   Thumb Code   164  zf_device_mt9v03x.o(.text.mt9v03x_get_version)
    mt9v03x_init                             0x08007add   Thumb Code   426  zf_device_mt9v03x.o(.text.mt9v03x_init)
    mt9v03x_set_config_sccb                  0x08007dc5   Thumb Code  2478  zf_device_config.o(.text.mt9v03x_set_config_sccb)
    myCross_fill                             0x0800882d   Thumb Code   806  image.o(.text.myCross_fill)
    my_abs                                   0x08008b55   Thumb Code    36  image.o(.text.my_abs)
    pit_init                                 0x08008b79   Thumb Code   316  zf_driver_pit.o(.text.pit_init)
    pwm_init                                 0x08008cb5   Thumb Code   636  zf_driver_pwm.o(.text.pwm_init)
    pwm_set_duty                             0x08008f31   Thumb Code   334  zf_driver_pwm.o(.text.pwm_set_duty)
    right_draw_line                          0x08009081   Thumb Code   384  image.o(.text.right_draw_line)
    search_l_r                               0x08009201   Thumb Code  1404  image.o(.text.search_l_r)
    set_camera_type                          0x0800977d   Thumb Code   166  zf_device_type.o(.text.set_camera_type)
    soft_iic_init                            0x08009825   Thumb Code   176  zf_driver_soft_iic.o(.text.soft_iic_init)
    soft_iic_read_8bit_register              0x080098d5   Thumb Code   148  zf_driver_soft_iic.o(.text.soft_iic_read_8bit_register)
    soft_iic_read_8bit_registers             0x08009969   Thumb Code   196  zf_driver_soft_iic.o(.text.soft_iic_read_8bit_registers)
    soft_iic_sccb_read_register              0x08009bb1   Thumb Code   154  zf_driver_soft_iic.o(.text.soft_iic_sccb_read_register)
    soft_iic_sccb_write_register             0x08009c4d   Thumb Code   120  zf_driver_soft_iic.o(.text.soft_iic_sccb_write_register)
    soft_iic_write_8bit_register             0x0800a255   Thumb Code   120  zf_driver_soft_iic.o(.text.soft_iic_write_8bit_register)
    spi_init                                 0x0800a2cd   Thumb Code   914  zf_driver_spi.o(.text.spi_init)
    spi_write_16bit                          0x0800a661   Thumb Code   202  zf_driver_spi.o(.text.spi_write_16bit)
    spi_write_8bit                           0x0800a72d   Thumb Code   148  zf_driver_spi.o(.text.spi_write_8bit)
    system_delay_ms                          0x0800a7c1   Thumb Code   174  zf_driver_delay.o(.text.system_delay_ms)
    timer_clear                              0x0800a871   Thumb Code   182  zf_driver_timer.o(.text.timer_clear)
    timer_clock_enable                       0x0800a929   Thumb Code   186  zf_driver_timer.o(.text.timer_clock_enable)
    timer_etr_init                           0x0800a9e5   Thumb Code   310  zf_driver_timer.o(.text.timer_etr_init)
    timer_funciton_check                     0x0800ab1d   Thumb Code   114  zf_driver_timer.o(.text.timer_funciton_check)
    timer_get                                0x0800ab91   Thumb Code   186  zf_driver_timer.o(.text.timer_get)
    tsl1401_collect_pit_handler              0x0800ac4d   Thumb Code   230  zf_device_tsl1401.o(.text.tsl1401_collect_pit_handler)
    uart_init                                0x0800ad39   Thumb Code   684  zf_driver_uart.o(.text.uart_init)
    uart_query_byte                          0x0800afe5   Thumb Code   116  zf_driver_uart.o(.text.uart_query_byte)
    uart_rx_interrupt                        0x0800b059   Thumb Code   172  zf_driver_uart.o(.text.uart_rx_interrupt)
    uart_write_buffer                        0x0800b105   Thumb Code   130  zf_driver_uart.o(.text.uart_write_buffer)
    uart_write_byte                          0x0800b189   Thumb Code    74  zf_driver_uart.o(.text.uart_write_byte)
    uart_write_string                        0x0800b1d5   Thumb Code    80  zf_driver_uart.o(.text.uart_write_string)
    __0sprintf                               0x0800b225   Thumb Code    34  printfa.o(i.__0sprintf)
    __1sprintf                               0x0800b225   Thumb Code     0  printfa.o(i.__0sprintf)
    __2sprintf                               0x0800b225   Thumb Code     0  printfa.o(i.__0sprintf)
    __c89sprintf                             0x0800b225   Thumb Code     0  printfa.o(i.__0sprintf)
    sprintf                                  0x0800b225   Thumb Code     0  printfa.o(i.__0sprintf)
    __scatterload_copy                       0x0800b24d   Thumb Code    14  handlers.o(i.__scatterload_copy)
    __scatterload_null                       0x0800b25b   Thumb Code     2  handlers.o(i.__scatterload_null)
    __scatterload_zeroinit                   0x0800b25d   Thumb Code    14  handlers.o(i.__scatterload_zeroinit)
    ascii_font_6x8                           0x0800bb28   Data         552  zf_common_font.o(.rodata.ascii_font_6x8)
    ascii_font_8x16                          0x0800bd50   Data        1520  zf_common_font.o(.rodata.ascii_font_8x16)
    Region$$Table$$Base                      0x0800c840   Number         0  anon$$obj.o(Region$$Table)
    Region$$Table$$Limit                     0x0800c860   Number         0  anon$$obj.o(Region$$Table)
    Image_Down                               0x20000058   Data           1  image.o(.data.Image_Down)
    QuanZhong                                0x2000008c   Data         120  image.o(.data.QuanZhong)
    Speed_l                                  0x20000104   Data          68  main.o(.data.Speed_l)
    Speed_r                                  0x20000148   Data          68  main.o(.data.Speed_r)
    Turn_t                                   0x200001bc   Data          68  main.o(.data.Turn_t)
    ZhongZhi                                 0x20000200   Data           1  image.o(.data.ZhongZhi)
    ZhongZhi0                                0x20000201   Data           1  image.o(.data.ZhongZhi0)
    ZhongZhi1                                0x20000202   Data           1  image.o(.data.ZhongZhi1)
    camera_dma_handler                       0x2000020c   Data           4  zf_device_type.o(.data.camera_dma_handler)
    camera_uart_handler                      0x20000210   Data           4  zf_device_type.o(.data.camera_uart_handler)
    camera_vsync_handler                     0x20000214   Data           4  zf_device_type.o(.data.camera_vsync_handler)
    dl1a_distance_mm                         0x20000240   Data           2  zf_device_dl1a.o(.data.dl1a_distance_mm)
    gpio_group                               0x20000254   Data          32  zf_driver_gpio.o(.data.gpio_group)
    system_clock                             0x2000036c   Data           4  zf_common_clock.o(.data.system_clock)
    wireless_module_uart_handler             0x20000398   Data           4  zf_device_type.o(.data.wireless_module_uart_handler)
    Best_thrsod                              0x200003a0   Data           1  image.o(.bss.Best_thrsod)
    Buzzer_Stop_flag                         0x200003a1   Data           1  image.o(.bss.Buzzer_Stop_flag)
    Left_PWM_Out                             0x200003a2   Data           2  isr.o(.bss.Left_PWM_Out)
    Motor_Protection_flag                    0x200003a4   Data           1  control.o(.bss.Motor_Protection_flag)
    Right_PWM_Out                            0x200003a6   Data           2  isr.o(.bss.Right_PWM_Out)
    Sum_QuanZhong                            0x200003a8   Data           2  image.o(.bss.Sum_QuanZhong)
    Sum_ZhongZhi                             0x200003aa   Data           2  image.o(.bss.Sum_ZhongZhi)
    YueJie_flag                              0x200003ac   Data           1  image.o(.bss.YueJie_flag)
    camera_receiver_buffer                   0x200003af   Data           8  zf_device_camera.o(.bss.camera_receiver_buffer)
    camera_receiver_fifo                     0x200003b8   Data          24  zf_device_camera.o(.bss.camera_receiver_fifo)
    camera_type                              0x200003d0   Data           1  zf_device_type.o(.bss.camera_type)
    center_line                              0x200003d1   Data         120  image.o(.bss.center_line)
    count1                                   0x20000449   Data           1  isr.o(.bss.count1)
    data_statics_l                           0x20000450   Data           2  image.o(.bss.data_statics_l)
    data_statics_r                           0x20000452   Data           2  image.o(.bss.data_statics_r)
    dir_l                                    0x2000046c   Data         528  image.o(.bss.dir_l)
    dir_r                                    0x2000067c   Data         528  image.o(.bss.dir_r)
    dl1a_finsh_flag                          0x2000088c   Data           1  zf_device_dl1a.o(.bss.dl1a_finsh_flag)
    en_location1                             0x200008a8   Data           4  isr.o(.bss.en_location1)
    en_location2                             0x200008ac   Data           4  isr.o(.bss.en_location2)
    en_speed1                                0x200008b0   Data           4  isr.o(.bss.en_speed1)
    en_speed2                                0x200008b4   Data           4  isr.o(.bss.en_speed2)
    encoder1                                 0x200008b8   Data           4  isr.o(.bss.encoder1)
    encoder2                                 0x200008bc   Data           4  isr.o(.bss.encoder2)
    gps_gga_state                            0x20000940   Data           1  zf_device_gps_tau1201.o(.bss.gps_gga_state)
    gps_rmc_state                            0x200009c1   Data           1  zf_device_gps_tau1201.o(.bss.gps_rmc_state)
    gps_tau1201_flag                         0x200009c2   Data           1  zf_device_gps_tau1201.o(.bss.gps_tau1201_flag)
    hightest                                 0x200009dd   Data           1  image.o(.bss.hightest)
    image_copy                               0x200009de   Data       22560  zf_device_mt9v03x.o(.bss.image_copy)
    l_border                                 0x2000621c   Data         120  image.o(.bss.l_border)
    l_found                                  0x20006294   Data           1  image.o(.bss.l_found)
    left_down_point                          0x20006295   Data           1  image.o(.bss.left_down_point)
    left_up_point                            0x20006296   Data           1  image.o(.bss.left_up_point)
    mpu6050_acc_x                            0x20006298   Data           2  zf_device_mpu6050.o(.bss.mpu6050_acc_x)
    mpu6050_acc_y                            0x2000629a   Data           2  zf_device_mpu6050.o(.bss.mpu6050_acc_y)
    mpu6050_acc_z                            0x2000629c   Data           2  zf_device_mpu6050.o(.bss.mpu6050_acc_z)
    mpu6050_gyro_x                           0x2000629e   Data           2  zf_device_mpu6050.o(.bss.mpu6050_gyro_x)
    mpu6050_gyro_y                           0x200062a0   Data           2  zf_device_mpu6050.o(.bss.mpu6050_gyro_y)
    mpu6050_gyro_z                           0x200062a2   Data           2  zf_device_mpu6050.o(.bss.mpu6050_gyro_z)
    mt9v03x_finish_flag                      0x200062b4   Data           1  zf_device_mt9v03x.o(.bss.mt9v03x_finish_flag)
    mt9v03x_image                            0x200062cc   Data       22560  zf_device_mt9v03x.o(.bss.mt9v03x_image)
    pid_flag                                 0x2000bb06   Data           1  image.o(.bss.pid_flag)
    points_l                                 0x2000bb08   Data        1056  image.o(.bss.points_l)
    points_r                                 0x2000bf28   Data        1056  image.o(.bss.points_r)
    r_border                                 0x2000c348   Data         120  image.o(.bss.r_border)
    r_found                                  0x2000c3c0   Data           1  image.o(.bss.r_found)
    right_down_point                         0x2000c3c1   Data           1  image.o(.bss.right_down_point)
    right_up_point                           0x2000c3c2   Data           1  image.o(.bss.right_up_point)
    start_point_l                            0x2000c3c8   Data           2  image.o(.bss.start_point_l)
    start_point_r                            0x2000c3ca   Data           2  image.o(.bss.start_point_r)
    tsl1401_data                             0x2000c3dc   Data         512  zf_device_tsl1401.o(.bss.tsl1401_data)
    tsl1401_finish_flag                      0x2000c5dc   Data           1  zf_device_tsl1401.o(.bss.tsl1401_finish_flag)
    Image$$ARM_LIB_STACK$$ZI$$Limit          0x20020000   Number         0  anon$$obj.o ABSOLUTE



==============================================================================

Memory Map of the image

  Image Entry point : 0x08000401

  Load Region LR_m_text (Base: 0x08000000, Size: 0x0000cc00, Max: 0x00080000, ABSOLUTE, COMPRESSED[0x0000ca44])

    Execution Region VECTOR_ROM (Exec base: 0x08000000, Load base: 0x08000000, Size: 0x00000190, Max: 0x00000400, ABSOLUTE)

    Exec Addr    Load Addr    Size         Type   Attr      Idx    E Section Name        Object

    0x08000000   0x08000000   0x00000190   Data   RO         1954    RESET               startup_mm32f3277g.o


    Execution Region ER_m_text (Exec base: 0x08000400, Load base: 0x08000400, Size: 0x0000c460, Max: 0x0007fc00, ABSOLUTE, FIXED)

    Exec Addr    Load Addr    Size         Type   Attr      Idx    E Section Name        Object

    0x08000400   0x08000400   0x00000000   Code   RO         3066  * .ARM.Collect$$$$00000000  mc_w.l(entry.o)
    0x08000400   0x08000400   0x00000004   Code   RO         3210    .ARM.Collect$$$$00000003  mc_w.l(entry4.o)
    0x08000404   0x08000404   0x00000004   Code   RO         3213    .ARM.Collect$$$$00000004  mc_w.l(entry5.o)
    0x08000408   0x08000408   0x00000000   Code   RO         3215    .ARM.Collect$$$$00000008  mc_w.l(entry7b.o)
    0x08000408   0x08000408   0x00000000   Code   RO         3217    .ARM.Collect$$$$0000000A  mc_w.l(entry8b.o)
    0x08000408   0x08000408   0x00000008   Code   RO         3218    .ARM.Collect$$$$0000000B  mc_w.l(entry9a.o)
    0x08000410   0x08000410   0x00000000   Code   RO         3220    .ARM.Collect$$$$0000000D  mc_w.l(entry10a.o)
    0x08000410   0x08000410   0x00000000   Code   RO         3222    .ARM.Collect$$$$0000000F  mc_w.l(entry11a.o)
    0x08000410   0x08000410   0x00000004   Code   RO         3211    .ARM.Collect$$$$00002714  mc_w.l(entry4.o)
    0x08000414   0x08000414   0x00000024   Code   RO         1955    .text               startup_mm32f3277g.o
    0x08000438   0x08000438   0x00000024   Code   RO         3073    .text               mc_w.l(memcpya.o)
    0x0800045c   0x0800045c   0x00000024   Code   RO         3075    .text               mc_w.l(memseta.o)
    0x08000480   0x08000480   0x0000000e   Code   RO         3083    .text               mc_w.l(strlen.o)
    0x0800048e   0x0800048e   0x0000001e   Code   RO         3087    .text               mc_w.l(strncmp.o)
    0x080004ac   0x080004ac   0x000000b0   Code   RO         3121    .text               mf_w.l(fadd.o)
    0x0800055c   0x0800055c   0x00000064   Code   RO         3123    .text               mf_w.l(fmul.o)
    0x080005c0   0x080005c0   0x0000007c   Code   RO         3125    .text               mf_w.l(fdiv.o)
    0x0800063c   0x0800063c   0x0000014e   Code   RO         3127    .text               mf_w.l(dadd.o)
    0x0800078a   0x0800078a   0x000000e4   Code   RO         3129    .text               mf_w.l(dmul.o)
    0x0800086e   0x0800086e   0x000000de   Code   RO         3131    .text               mf_w.l(ddiv.o)
    0x0800094c   0x0800094c   0x0000001c   Code   RO         3133    .text               mf_w.l(fcmple.o)
    0x08000968   0x08000968   0x0000001c   Code   RO         3135    .text               mf_w.l(fcmpge.o)
    0x08000984   0x08000984   0x0000001c   Code   RO         3137    .text               mf_w.l(fcmpeq.o)
    0x080009a0   0x080009a0   0x00000036   Code   RO         3139    .text               mf_w.l(dcmple.o)
    0x080009d6   0x080009d6   0x00000038   Code   RO         3145    .text               mf_w.l(dcmpeq.o)
    0x08000a0e   0x08000a0e   0x00000012   Code   RO         3147    .text               mf_w.l(fflti.o)
    0x08000a20   0x08000a20   0x0000000a   Code   RO         3149    .text               mf_w.l(ffltui.o)
    0x08000a2a   0x08000a2a   0x00000022   Code   RO         3151    .text               mf_w.l(dflti.o)
    0x08000a4c   0x08000a4c   0x00000032   Code   RO         3155    .text               mf_w.l(ffixi.o)
    0x08000a7e   0x08000a7e   0x00000028   Code   RO         3157    .text               mf_w.l(ffixui.o)
    0x08000aa6   0x08000aa6   0x00000032   Code   RO         3161    .text               mf_w.l(dfixui.o)
    0x08000ad8   0x08000ad8   0x00000026   Code   RO         3163    .text               mf_w.l(f2d.o)
    0x08000afe   0x08000afe   0x00000038   Code   RO         3165    .text               mf_w.l(d2f.o)
    0x08000b36   0x08000b36   0x0000002c   Code   RO         3225    .text               mc_w.l(uidiv.o)
    0x08000b62   0x08000b62   0x00000062   Code   RO         3227    .text               mc_w.l(uldiv.o)
    0x08000bc4   0x08000bc4   0x0000001e   Code   RO         3229    .text               mc_w.l(llshl.o)
    0x08000be2   0x08000be2   0x00000020   Code   RO         3231    .text               mc_w.l(llushr.o)
    0x08000c02   0x08000c02   0x00000024   Code   RO         3233    .text               mc_w.l(llsshr.o)
    0x08000c26   0x08000c26   0x00000000   Code   RO         3242    .text               mc_w.l(iusefp.o)
    0x08000c26   0x08000c26   0x0000006e   Code   RO         3243    .text               mf_w.l(fepilogue.o)
    0x08000c94   0x08000c94   0x000000ba   Code   RO         3245    .text               mf_w.l(depilogue.o)
    0x08000d4e   0x08000d4e   0x00000030   Code   RO         3251    .text               mf_w.l(dfixul.o)
    0x08000d7e   0x08000d7e   0x00000002   PAD
    0x08000d80   0x08000d80   0x00000030   Code   RO         3255    .text               mf_w.l(cdrcmple.o)
    0x08000db0   0x08000db0   0x00000024   Code   RO         3257    .text               mc_w.l(init.o)
    0x08000dd4   0x08000dd4   0x00000056   Code   RO         3267    .text               mc_w.l(__dczerorl2.o)
    0x08000e2a   0x08000e2a   0x00000002   PAD
    0x08000e2c   0x08000e2c   0x00000156   Code   RO            4    .text.All_Init      main.o
    0x08000f82   0x08000f82   0x00000002   PAD
    0x08000f84   0x08000f84   0x000001de   Code   RO          121    .text.Back          menu.o
    0x08001162   0x08001162   0x00000002   PAD
    0x08001164   0x08001164   0x00000048   Code   RO          324    .text.Buzzer_On_Count  beep.o
    0x080011ac   0x080011ac   0x0000009a   Code   RO          202    .text.ChuJie_Test   image.o
    0x08001246   0x08001246   0x00000002   PAD
    0x08001248   0x08001248   0x00000022   Code   RO           70    .text.DMA1_Channel1_IRQHandler  isr.o
    0x0800126a   0x0800126a   0x00000002   PAD
    0x0800126c   0x0800126c   0x00000022   Code   RO           72    .text.DMA1_Channel2_IRQHandler  isr.o
    0x0800128e   0x0800128e   0x00000002   PAD
    0x08001290   0x08001290   0x00000022   Code   RO           74    .text.DMA1_Channel3_IRQHandler  isr.o
    0x080012b2   0x080012b2   0x00000002   PAD
    0x080012b4   0x080012b4   0x00000034   Code   RO           76    .text.DMA1_Channel4_IRQHandler  isr.o
    0x080012e8   0x080012e8   0x00000022   Code   RO           78    .text.DMA1_Channel5_IRQHandler  isr.o
    0x0800130a   0x0800130a   0x00000002   PAD
    0x0800130c   0x0800130c   0x00000022   Code   RO           80    .text.DMA1_Channel6_IRQHandler  isr.o
    0x0800132e   0x0800132e   0x00000002   PAD
    0x08001330   0x08001330   0x00000022   Code   RO           82    .text.DMA1_Channel7_IRQHandler  isr.o
    0x08001352   0x08001352   0x00000002   PAD
    0x08001354   0x08001354   0x00000026   Code   RO           84    .text.DMA2_Channel1_IRQHandler  isr.o
    0x0800137a   0x0800137a   0x00000002   PAD
    0x0800137c   0x0800137c   0x00000026   Code   RO           86    .text.DMA2_Channel2_IRQHandler  isr.o
    0x080013a2   0x080013a2   0x00000002   PAD
    0x080013a4   0x080013a4   0x00000026   Code   RO           88    .text.DMA2_Channel3_IRQHandler  isr.o
    0x080013ca   0x080013ca   0x00000002   PAD
    0x080013cc   0x080013cc   0x00000026   Code   RO           90    .text.DMA2_Channel4_IRQHandler  isr.o
    0x080013f2   0x080013f2   0x00000002   PAD
    0x080013f4   0x080013f4   0x00000026   Code   RO           92    .text.DMA2_Channel5_IRQHandler  isr.o
    0x0800141a   0x0800141a   0x00000002   PAD
    0x0800141c   0x0800141c   0x00000012   Code   RO           56    .text.EXTI0_IRQHandler  isr.o
    0x0800142e   0x0800142e   0x00000002   PAD
    0x08001430   0x08001430   0x000000ec   Code   RO           68    .text.EXTI15_10_IRQHandler  isr.o
    0x0800151c   0x0800151c   0x00000012   Code   RO           58    .text.EXTI1_IRQHandler  isr.o
    0x0800152e   0x0800152e   0x00000002   PAD
    0x08001530   0x08001530   0x00000012   Code   RO           60    .text.EXTI2_IRQHandler  isr.o
    0x08001542   0x08001542   0x00000002   PAD
    0x08001544   0x08001544   0x00000012   Code   RO           62    .text.EXTI3_IRQHandler  isr.o
    0x08001556   0x08001556   0x00000002   PAD
    0x08001558   0x08001558   0x0000001c   Code   RO           64    .text.EXTI4_IRQHandler  isr.o
    0x08001574   0x08001574   0x000000c8   Code   RO           66    .text.EXTI9_5_IRQHandler  isr.o
    0x0800163c   0x0800163c   0x00000184   Code   RO          212    .text.Get_Left_Up_Point  image.o
    0x080017c0   0x080017c0   0x0000018c   Code   RO          214    .text.Get_Left_down_Point  image.o
    0x0800194c   0x0800194c   0x00000184   Code   RO          216    .text.Get_Right_Up_Point  image.o
    0x08001ad0   0x08001ad0   0x0000018c   Code   RO          218    .text.Get_Right_down_Point  image.o
    0x08001c5c   0x08001c5c   0x00000040   Code   RO          210    .text.Judge_Cross   image.o
    0x08001c9c   0x08001c9c   0x00000054   Code   RO          208    .text.Lost_Right    image.o
    0x08001cf0   0x08001cf0   0x00000052   Code   RO          280    .text.Motor_Left_PWM  control.o
    0x08001d42   0x08001d42   0x00000002   PAD
    0x08001d44   0x08001d44   0x000000d0   Code   RO          282    .text.Motor_Protection  control.o
    0x08001e14   0x08001e14   0x00000050   Code   RO          278    .text.Motor_Right_PWM  control.o
    0x08001e64   0x08001e64   0x0000031e   Code   RO          186    .text.OtsuThreshold  image.o
    0x08002182   0x08002182   0x00000002   PAD
    0x08002184   0x08002184   0x0000014a   Code   RO          165    .text.PID_Position_Update  pid.o
    0x080022ce   0x080022ce   0x00000002   PAD
    0x080022d0   0x080022d0   0x000000e4   Code   RO          167    .text.PID_Three_Update  pid.o
    0x080023b4   0x080023b4   0x000000ee   Code   RO          204    .text.Stop_Test     image.o
    0x080024a2   0x080024a2   0x00000002   PAD
    0x080024a4   0x080024a4   0x00000062   Code   RO          119    .text.Sure          menu.o
    0x08002506   0x08002506   0x00000002   PAD
    0x08002508   0x08002508   0x00000010   Code   RO         1943    .text.SystemInit    system_mm32f3277g.o
    0x08002518   0x08002518   0x00000014   Code   RO           24    .text.TIM1_UP_IRQHandler  isr.o
    0x0800252c   0x0800252c   0x0000008e   Code   RO           26    .text.TIM2_IRQHandler  isr.o
    0x080025ba   0x080025ba   0x00000002   PAD
    0x080025bc   0x080025bc   0x00000014   Code   RO           28    .text.TIM3_IRQHandler  isr.o
    0x080025d0   0x080025d0   0x00000014   Code   RO           30    .text.TIM4_IRQHandler  isr.o
    0x080025e4   0x080025e4   0x00000014   Code   RO           32    .text.TIM5_IRQHandler  isr.o
    0x080025f8   0x080025f8   0x000000d2   Code   RO           34    .text.TIM6_IRQHandler  isr.o
    0x080026ca   0x080026ca   0x00000002   PAD
    0x080026cc   0x080026cc   0x000001a4   Code   RO           36    .text.TIM7_IRQHandler  isr.o
    0x08002870   0x08002870   0x00000020   Code   RO           38    .text.TIM8_UP_IRQHandler  isr.o
    0x08002890   0x08002890   0x0000004a   Code   RO           40    .text.UART1_IRQHandler  isr.o
    0x080028da   0x080028da   0x00000002   PAD
    0x080028dc   0x080028dc   0x00000054   Code   RO           42    .text.UART2_IRQHandler  isr.o
    0x08002930   0x08002930   0x0000004a   Code   RO           44    .text.UART3_IRQHandler  isr.o
    0x0800297a   0x0800297a   0x00000002   PAD
    0x0800297c   0x0800297c   0x0000004a   Code   RO           46    .text.UART4_IRQHandler  isr.o
    0x080029c6   0x080029c6   0x00000002   PAD
    0x080029c8   0x080029c8   0x0000004a   Code   RO           48    .text.UART5_IRQHandler  isr.o
    0x08002a12   0x08002a12   0x00000002   PAD
    0x08002a14   0x08002a14   0x0000005c   Code   RO           50    .text.UART6_IRQHandler  isr.o
    0x08002a70   0x08002a70   0x0000004a   Code   RO           52    .text.UART7_IRQHandler  isr.o
    0x08002aba   0x08002aba   0x00000002   PAD
    0x08002abc   0x08002abc   0x0000005c   Code   RO           54    .text.UART8_IRQHandler  isr.o
    0x08002b18   0x08002b18   0x0000003e   Code   RO          500    .text.__NVIC_DisableIRQ  zf_common_interrupt.o
    0x08002b56   0x08002b56   0x00000002   PAD
    0x08002b58   0x08002b58   0x00000036   Code   RO          496    .text.__NVIC_EnableIRQ  zf_common_interrupt.o
    0x08002b8e   0x08002b8e   0x00000002   PAD
    0x08002b90   0x08002b90   0x0000004a   Code   RO          504    .text.__NVIC_SetPriority  zf_common_interrupt.o
    0x08002bda   0x08002bda   0x00000002   PAD
    0x08002bdc   0x08002bdc   0x00000040   Code   RO          508    .text.__NVIC_SetPriorityGrouping  zf_common_interrupt.o
    0x08002c1c   0x08002c1c   0x0000009e   Code   RO          522    .text.adc_convert   zf_driver_adc.o
    0x08002cba   0x08002cba   0x00000002   PAD
    0x08002cbc   0x08002cbc   0x0000019a   Code   RO          660    .text.afio_init     zf_driver_gpio.o
    0x08002e56   0x08002e56   0x00000002   PAD
    0x08002e58   0x08002e58   0x00000078   Code   RO          188    .text.binarizeImage  image.o
    0x08002ed0   0x08002ed0   0x00000022   Code   RO         1090    .text.camera_fifo_init  zf_device_camera.o
    0x08002ef2   0x08002ef2   0x00000002   PAD
    0x08002ef4   0x08002ef4   0x000000da   Code   RO         1092    .text.camera_init   zf_device_camera.o
    0x08002fce   0x08002fce   0x00000002   PAD
    0x08002fd0   0x08002fd0   0x00000028   Code   RO          337    .text.clock_init    zf_common_clock.o
    0x08002ff8   0x08002ff8   0x00000092   Code   RO          339    .text.clock_reset   zf_common_clock.o
    0x0800308a   0x0800308a   0x00000002   PAD
    0x0800308c   0x0800308c   0x00000286   Code   RO          341    .text.clock_set_freq  zf_common_clock.o
    0x08003312   0x08003312   0x00000002   PAD
    0x08003314   0x08003314   0x00000084   Code   RO          363    .text.debug_assert_handler  zf_common_debug.o
    0x08003398   0x08003398   0x00000040   Code   RO          369    .text.debug_delay   zf_common_debug.o
    0x080033d8   0x080033d8   0x00000032   Code   RO          377    .text.debug_init    zf_common_debug.o
    0x0800340a   0x0800340a   0x00000002   PAD
    0x0800340c   0x0800340c   0x0000005a   Code   RO          371    .text.debug_log_handler  zf_common_debug.o
    0x08003466   0x08003466   0x00000002   PAD
    0x08003468   0x08003468   0x00000414   Code   RO          367    .text.debug_output  zf_common_debug.o
    0x0800387c   0x0800387c   0x00000050   Code   RO          375    .text.debug_output_init  zf_common_debug.o
    0x080038cc   0x080038cc   0x00000034   Code   RO          373    .text.debug_output_struct_init  zf_common_debug.o
    0x08003900   0x08003900   0x000000f8   Code   RO          365    .text.debug_protective_handler  zf_common_debug.o
    0x080039f8   0x080039f8   0x0000001e   Code   RO          379    .text.debug_uart_str_output  zf_common_debug.o
    0x08003a16   0x08003a16   0x00000002   PAD
    0x08003a18   0x08003a18   0x000000a4   Code   RO         1109    .text.dl1a_get_distance  zf_device_dl1a.o
    0x08003abc   0x08003abc   0x00000008   Code   RO         1111    .text.dl1a_int_handler  zf_device_dl1a.o
    0x08003ac4   0x08003ac4   0x0000003e   Code   RO         1156    .text.dm1xa_light_callback  zf_device_dm1xa.o
    0x08003b02   0x08003b02   0x00000002   PAD
    0x08003b04   0x08003b04   0x0000010a   Code   RO         1154    .text.dm1xa_sound_callback  zf_device_dm1xa.o
    0x08003c0e   0x08003c0e   0x00000002   PAD
    0x08003c10   0x08003c10   0x00000168   Code   RO          571    .text.dma_camera_init  zf_driver_dma.o
    0x08003d78   0x08003d78   0x00000036   Code   RO          569    .text.dma_disable   zf_driver_dma.o
    0x08003dae   0x08003dae   0x00000002   PAD
    0x08003db0   0x08003db0   0x00000036   Code   RO          567    .text.dma_enable    zf_driver_dma.o
    0x08003de6   0x08003de6   0x00000002   PAD
    0x08003de8   0x08003de8   0x00000042   Code   RO          565    .text.dma_set_count  zf_driver_dma.o
    0x08003e2a   0x08003e2a   0x00000002   PAD
    0x08003e2c   0x08003e2c   0x00000094   Code   RO          587    .text.encoder_clear_count  zf_driver_encoder.o
    0x08003ec0   0x08003ec0   0x000000e6   Code   RO          585    .text.encoder_get_count  zf_driver_encoder.o
    0x08003fa6   0x08003fa6   0x00000002   PAD
    0x08003fa8   0x08003fa8   0x00000174   Code   RO          589    .text.encoder_quad_init  zf_driver_encoder.o
    0x0800411c   0x0800411c   0x000002c4   Code   RO          610    .text.exti_init     zf_driver_exti.o
    0x080043e0   0x080043e0   0x000000ca   Code   RO          398    .text.fifo_clear    zf_common_fifo.o
    0x080044aa   0x080044aa   0x00000002   PAD
    0x080044ac   0x080044ac   0x00000038   Code   RO          410    .text.fifo_end_offset  zf_common_fifo.o
    0x080044e4   0x080044e4   0x00000038   Code   RO          404    .text.fifo_head_offset  zf_common_fifo.o
    0x0800451c   0x0800451c   0x00000086   Code   RO          416    .text.fifo_init     zf_common_fifo.o
    0x080045a2   0x080045a2   0x00000002   PAD
    0x080045a4   0x080045a4   0x0000023c   Code   RO          412    .text.fifo_read_buffer  zf_common_fifo.o
    0x080047e0   0x080047e0   0x00000034   Code   RO          400    .text.fifo_used     zf_common_fifo.o
    0x08004814   0x08004814   0x0000025a   Code   RO          406    .text.fifo_write_buffer  zf_common_fifo.o
    0x08004a6e   0x08004a6e   0x00000002   PAD
    0x08004a70   0x08004a70   0x000000d0   Code   RO          402    .text.fifo_write_element  zf_common_fifo.o
    0x08004b40   0x08004b40   0x0000004a   Code   RO          447    .text.func_get_greatest_common_divisor  zf_common_function.o
    0x08004b8a   0x08004b8a   0x00000002   PAD
    0x08004b8c   0x08004b8c   0x000000c8   Code   RO          457    .text.func_uint_to_str  zf_common_function.o
    0x08004c54   0x08004c54   0x000000c2   Code   RO          198    .text.get_left      image.o
    0x08004d16   0x08004d16   0x00000002   PAD
    0x08004d18   0x08004d18   0x000000c2   Code   RO          200    .text.get_right     image.o
    0x08004dda   0x08004dda   0x00000002   PAD
    0x08004ddc   0x08004ddc   0x000004f6   Code   RO          194    .text.get_start_point  image.o
    0x080052d2   0x080052d2   0x00000002   PAD
    0x080052d4   0x080052d4   0x0000003a   Code   RO          652    .text.gpio_get_level  zf_driver_gpio.o
    0x0800530e   0x0800530e   0x00000002   PAD
    0x08005310   0x08005310   0x00000204   Code   RO          658    .text.gpio_init     zf_driver_gpio.o
    0x08005514   0x08005514   0x0000006c   Code   RO          650    .text.gpio_set_level  zf_driver_gpio.o
    0x08005580   0x08005580   0x0000014c   Code   RO         1189    .text.gps_uart_callback  zf_device_gps_tau1201.o
    0x080056cc   0x080056cc   0x000000be   Code   RO          192    .text.image_draw_rectan  image.o
    0x0800578a   0x0800578a   0x00000002   PAD
    0x0800578c   0x0800578c   0x00000402   Code   RO          230    .text.image_process  image.o
    0x08005b8e   0x08005b8e   0x00000002   PAD
    0x08005b90   0x08005b90   0x00000018   Code   RO          498    .text.interrupt_disable  zf_common_interrupt.o
    0x08005ba8   0x08005ba8   0x00000018   Code   RO          494    .text.interrupt_enable  zf_common_interrupt.o
    0x08005bc0   0x08005bc0   0x00000026   Code   RO          492    .text.interrupt_global_disable  zf_common_interrupt.o
    0x08005be6   0x08005be6   0x00000002   PAD
    0x08005be8   0x08005be8   0x0000000a   Code   RO          506    .text.interrupt_init  zf_common_interrupt.o
    0x08005bf2   0x08005bf2   0x00000002   PAD
    0x08005bf4   0x08005bf4   0x00000024   Code   RO          502    .text.interrupt_set_priority  zf_common_interrupt.o
    0x08005c18   0x08005c18   0x00000112   Code   RO         1411    .text.ips200_clear  zf_device_ips200.o
    0x08005d2a   0x08005d2a   0x00000002   PAD
    0x08005d2c   0x08005d2c   0x0000008e   Code   RO         1455    .text.ips200_debug_init  zf_device_ips200.o
    0x08005dba   0x08005dba   0x00000002   PAD
    0x08005dbc   0x08005dbc   0x0000010c   Code   RO         1425    .text.ips200_draw_point  zf_device_ips200.o
    0x08005ec8   0x08005ec8   0x000004b8   Code   RO         1449    .text.ips200_init   zf_device_ips200.o
    0x08006380   0x08006380   0x00000032   Code   RO         1423    .text.ips200_set_color  zf_device_ips200.o
    0x080063b2   0x080063b2   0x00000002   PAD
    0x080063b4   0x080063b4   0x0000006a   Code   RO         1419    .text.ips200_set_dir  zf_device_ips200.o
    0x0800641e   0x0800641e   0x00000002   PAD
    0x08006420   0x08006420   0x000000ee   Code   RO         1413    .text.ips200_set_region  zf_device_ips200.o
    0x0800650e   0x0800650e   0x00000002   PAD
    0x08006510   0x08006510   0x00000302   Code   RO         1429    .text.ips200_show_char  zf_device_ips200.o
    0x08006812   0x08006812   0x00000002   PAD
    0x08006814   0x08006814   0x00000238   Code   RO         1441    .text.ips200_show_gray_image  zf_device_ips200.o
    0x08006a4c   0x08006a4c   0x000000f4   Code   RO         1431    .text.ips200_show_string  zf_device_ips200.o
    0x08006b40   0x08006b40   0x0000011a   Code   RO         1435    .text.ips200_show_uint  zf_device_ips200.o
    0x08006c5a   0x08006c5a   0x00000002   PAD
    0x08006c5c   0x08006c5c   0x000000ce   Code   RO         1415    .text.ips200_write_16bit_data  zf_device_ips200.o
    0x08006d2a   0x08006d2a   0x00000002   PAD
    0x08006d2c   0x08006d2c   0x000000a6   Code   RO         1453    .text.ips200_write_8bit_data  zf_device_ips200.o
    0x08006dd2   0x08006dd2   0x00000002   PAD
    0x08006dd4   0x08006dd4   0x000000e0   Code   RO         1451    .text.ips200_write_command  zf_device_ips200.o
    0x08006eb4   0x08006eb4   0x00000014   Code   RO         1485    .text.key_clear_all_state  zf_device_key.o
    0x08006ec8   0x08006ec8   0x0000001e   Code   RO         1483    .text.key_clear_state  zf_device_key.o
    0x08006ee6   0x08006ee6   0x00000002   PAD
    0x08006ee8   0x08006ee8   0x0000001c   Code   RO         1481    .text.key_get_state  zf_device_key.o
    0x08006f04   0x08006f04   0x00000082   Code   RO         1487    .text.key_init      zf_device_key.o
    0x08006f86   0x08006f86   0x00000002   PAD
    0x08006f88   0x08006f88   0x000000fc   Code   RO         1479    .text.key_scanner   zf_device_key.o
    0x08007084   0x08007084   0x00000180   Code   RO          220    .text.left_draw_line  image.o
    0x08007204   0x08007204   0x0000019c   Code   RO          224    .text.lenthen_l_border  image.o
    0x080073a0   0x080073a0   0x0000019c   Code   RO          226    .text.lenthen_r_border  image.o
    0x0800753c   0x0800753c   0x0000004c   Code   RO            6    .text.main          main.o
    0x08007588   0x08007588   0x000000d8   Code   RO          123    .text.menu_display  menu.o
    0x08007660   0x08007660   0x00000052   Code   RO          117    .text.movedown      menu.o
    0x080076b2   0x080076b2   0x00000002   PAD
    0x080076b4   0x080076b4   0x00000050   Code   RO          115    .text.moveup        menu.o
    0x08007704   0x08007704   0x0000005e   Code   RO         1505    .text.mpu6050_get_acc  zf_device_mpu6050.o
    0x08007762   0x08007762   0x00000002   PAD
    0x08007764   0x08007764   0x0000005e   Code   RO         1507    .text.mpu6050_get_gyro  zf_device_mpu6050.o
    0x080077c2   0x080077c2   0x00000002   PAD
    0x080077c4   0x080077c4   0x000000ae   Code   RO         1513    .text.mpu6050_init  zf_device_mpu6050.o
    0x08007872   0x08007872   0x00000002   PAD
    0x08007874   0x08007874   0x0000007c   Code   RO         1515    .text.mpu6050_self1_check  zf_device_mpu6050.o
    0x080078f0   0x080078f0   0x0000001a   Code   RO         1542    .text.mt9v03x_dma_handler  zf_device_mt9v03x.o
    0x0800790a   0x0800790a   0x00000002   PAD
    0x0800790c   0x0800790c   0x0000012a   Code   RO         1552    .text.mt9v03x_get_config  zf_device_mt9v03x.o
    0x08007a36   0x08007a36   0x00000002   PAD
    0x08007a38   0x08007a38   0x000000a4   Code   RO         1536    .text.mt9v03x_get_version  zf_device_mt9v03x.o
    0x08007adc   0x08007adc   0x000001aa   Code   RO         1548    .text.mt9v03x_init  zf_device_mt9v03x.o
    0x08007c86   0x08007c86   0x00000002   PAD
    0x08007c88   0x08007c88   0x0000003c   Code   RO         2995    .text.mt9v03x_read_word_sccb  zf_device_config.lib(zf_device_config.o)
    0x08007cc4   0x08007cc4   0x00000100   Code   RO         1550    .text.mt9v03x_set_config  zf_device_mt9v03x.o
    0x08007dc4   0x08007dc4   0x000009ae   Code   RO         2991    .text.mt9v03x_set_config_sccb  zf_device_config.lib(zf_device_config.o)
    0x08008772   0x08008772   0x00000002   PAD
    0x08008774   0x08008774   0x00000046   Code   RO         1544    .text.mt9v03x_uart_handler  zf_device_mt9v03x.o
    0x080087ba   0x080087ba   0x00000002   PAD
    0x080087bc   0x080087bc   0x0000003c   Code   RO         1540    .text.mt9v03x_vsync_handler  zf_device_mt9v03x.o
    0x080087f8   0x080087f8   0x00000032   Code   RO         2993    .text.mt9v03x_write_word_sccb  zf_device_config.lib(zf_device_config.o)
    0x0800882a   0x0800882a   0x00000002   PAD
    0x0800882c   0x0800882c   0x00000326   Code   RO          228    .text.myCross_fill  image.o
    0x08008b52   0x08008b52   0x00000002   PAD
    0x08008b54   0x08008b54   0x00000024   Code   RO          184    .text.my_abs        image.o
    0x08008b78   0x08008b78   0x0000013c   Code   RO          736    .text.pit_init      zf_driver_pit.o
    0x08008cb4   0x08008cb4   0x0000027c   Code   RO          753    .text.pwm_init      zf_driver_pwm.o
    0x08008f30   0x08008f30   0x0000014e   Code   RO          751    .text.pwm_set_duty  zf_driver_pwm.o
    0x0800907e   0x0800907e   0x00000002   PAD
    0x08009080   0x08009080   0x00000180   Code   RO          222    .text.right_draw_line  image.o
    0x08009200   0x08009200   0x0000057c   Code   RO          196    .text.search_l_r    image.o
    0x0800977c   0x0800977c   0x000000a6   Code   RO         1799    .text.set_camera_type  zf_device_type.o
    0x08009822   0x08009822   0x00000002   PAD
    0x08009824   0x08009824   0x000000b0   Code   RO          844    .text.soft_iic_init  zf_driver_soft_iic.o
    0x080098d4   0x080098d4   0x00000094   Code   RO          828    .text.soft_iic_read_8bit_register  zf_driver_soft_iic.o
    0x08009968   0x08009968   0x000000c4   Code   RO          830    .text.soft_iic_read_8bit_registers  zf_driver_soft_iic.o
    0x08009a2c   0x08009a2c   0x00000184   Code   RO          820    .text.soft_iic_read_data  zf_driver_soft_iic.o
    0x08009bb0   0x08009bb0   0x0000009a   Code   RO          842    .text.soft_iic_sccb_read_register  zf_driver_soft_iic.o
    0x08009c4a   0x08009c4a   0x00000002   PAD
    0x08009c4c   0x08009c4c   0x00000078   Code   RO          840    .text.soft_iic_sccb_write_register  zf_driver_soft_iic.o
    0x08009cc4   0x08009cc4   0x00000136   Code   RO          848    .text.soft_iic_send_ack  zf_driver_soft_iic.o
    0x08009dfa   0x08009dfa   0x00000002   PAD
    0x08009dfc   0x08009dfc   0x00000150   Code   RO          800    .text.soft_iic_send_data  zf_driver_soft_iic.o
    0x08009f4c   0x08009f4c   0x000000f6   Code   RO          798    .text.soft_iic_start  zf_driver_soft_iic.o
    0x0800a042   0x0800a042   0x00000002   PAD
    0x0800a044   0x0800a044   0x000000f6   Code   RO          802    .text.soft_iic_stop  zf_driver_soft_iic.o
    0x0800a13a   0x0800a13a   0x00000002   PAD
    0x0800a13c   0x0800a13c   0x00000118   Code   RO          846    .text.soft_iic_wait_ack  zf_driver_soft_iic.o
    0x0800a254   0x0800a254   0x00000078   Code   RO          810    .text.soft_iic_write_8bit_register  zf_driver_soft_iic.o
    0x0800a2cc   0x0800a2cc   0x00000392   Code   RO          952    .text.spi_init      zf_driver_spi.o
    0x0800a65e   0x0800a65e   0x00000002   PAD
    0x0800a660   0x0800a660   0x000000ca   Code   RO          920    .text.spi_write_16bit  zf_driver_spi.o
    0x0800a72a   0x0800a72a   0x00000002   PAD
    0x0800a72c   0x0800a72c   0x00000094   Code   RO          916    .text.spi_write_8bit  zf_driver_spi.o
    0x0800a7c0   0x0800a7c0   0x000000ae   Code   RO          549    .text.system_delay_ms  zf_driver_delay.o
    0x0800a86e   0x0800a86e   0x00000002   PAD
    0x0800a870   0x0800a870   0x000000b6   Code   RO          977    .text.timer_clear   zf_driver_timer.o
    0x0800a926   0x0800a926   0x00000002   PAD
    0x0800a928   0x0800a928   0x000000ba   Code   RO          969    .text.timer_clock_enable  zf_driver_timer.o
    0x0800a9e2   0x0800a9e2   0x00000002   PAD
    0x0800a9e4   0x0800a9e4   0x00000136   Code   RO          981    .text.timer_etr_init  zf_driver_timer.o
    0x0800ab1a   0x0800ab1a   0x00000002   PAD
    0x0800ab1c   0x0800ab1c   0x00000072   Code   RO          967    .text.timer_funciton_check  zf_driver_timer.o
    0x0800ab8e   0x0800ab8e   0x00000002   PAD
    0x0800ab90   0x0800ab90   0x000000ba   Code   RO          975    .text.timer_get     zf_driver_timer.o
    0x0800ac4a   0x0800ac4a   0x00000002   PAD
    0x0800ac4c   0x0800ac4c   0x000000e6   Code   RO         1777    .text.tsl1401_collect_pit_handler  zf_device_tsl1401.o
    0x0800ad32   0x0800ad32   0x00000002   PAD
    0x0800ad34   0x0800ad34   0x00000002   Code   RO         1797    .text.type_default_callback  zf_device_type.o
    0x0800ad36   0x0800ad36   0x00000002   PAD
    0x0800ad38   0x0800ad38   0x000002ac   Code   RO         1011    .text.uart_init     zf_driver_uart.o
    0x0800afe4   0x0800afe4   0x00000074   Code   RO         1005    .text.uart_query_byte  zf_driver_uart.o
    0x0800b058   0x0800b058   0x000000ac   Code   RO         1009    .text.uart_rx_interrupt  zf_driver_uart.o
    0x0800b104   0x0800b104   0x00000082   Code   RO          999    .text.uart_write_buffer  zf_driver_uart.o
    0x0800b186   0x0800b186   0x00000002   PAD
    0x0800b188   0x0800b188   0x0000004a   Code   RO          997    .text.uart_write_byte  zf_driver_uart.o
    0x0800b1d2   0x0800b1d2   0x00000002   PAD
    0x0800b1d4   0x0800b1d4   0x00000050   Code   RO         1001    .text.uart_write_string  zf_driver_uart.o
    0x0800b224   0x0800b224   0x00000028   Code   RO         3096    i.__0sprintf        mc_w.l(printfa.o)
    0x0800b24c   0x0800b24c   0x0000000e   Code   RO         3261    i.__scatterload_copy  mc_w.l(handlers.o)
    0x0800b25a   0x0800b25a   0x00000002   Code   RO         3262    i.__scatterload_null  mc_w.l(handlers.o)
    0x0800b25c   0x0800b25c   0x0000000e   Code   RO         3263    i.__scatterload_zeroinit  mc_w.l(handlers.o)
    0x0800b26a   0x0800b26a   0x00000002   PAD
    0x0800b26c   0x0800b26c   0x00000184   Code   RO         3101    i._fp_digits        mc_w.l(printfa.o)
    0x0800b3f0   0x0800b3f0   0x000006dc   Code   RO         3102    i._printf_core      mc_w.l(printfa.o)
    0x0800bacc   0x0800bacc   0x00000024   Code   RO         3103    i._printf_post_padding  mc_w.l(printfa.o)
    0x0800baf0   0x0800baf0   0x0000002e   Code   RO         3104    i._printf_pre_padding  mc_w.l(printfa.o)
    0x0800bb1e   0x0800bb1e   0x0000000a   Code   RO         3106    i._sputc            mc_w.l(printfa.o)
    0x0800bb28   0x0800bb28   0x00000228   Data   RO          431    .rodata.ascii_font_6x8  zf_common_font.o
    0x0800bd50   0x0800bd50   0x000005f0   Data   RO          430    .rodata.ascii_font_8x16  zf_common_font.o
    0x0800c340   0x0800c340   0x000000ac   Data   RO          386    .rodata.debug_protective_handler.pin_list  zf_common_debug.o
    0x0800c3ec   0x0800c3ec   0x00000004   Data   RO         1489    .rodata.key_index   zf_device_key.o
    0x0800c3f0   0x0800c3f0   0x00000010   Data   RO          243    .rodata.search_l_r.SEEDS_L  image.o
    0x0800c400   0x0800c400   0x00000010   Data   RO          244    .rodata.search_l_r.SEEDS_R  image.o
    0x0800c410   0x0800c410   0x000000e7   Data   RO          139    .rodata.str1.1      menu.o
    0x0800c4f7   0x0800c4f7   0x0000001f   Data   RO          256    .rodata.str1.1      image.o
    0x0800c516   0x0800c516   0x00000066   Data   RO          384    .rodata.str1.1      zf_common_debug.o
    0x0800c57c   0x0800c57c   0x0000002b   Data   RO          418    .rodata.str1.1      zf_common_fifo.o
    0x0800c5a7   0x0800c5a7   0x0000002f   Data   RO          477    .rodata.str1.1      zf_common_function.o
    0x0800c5d6   0x0800c5d6   0x0000002c   Data   RO          553    .rodata.str1.1      zf_driver_delay.o
    0x0800c602   0x0800c602   0x0000002e   Data   RO          594    .rodata.str1.1      zf_driver_encoder.o
    0x0800c630   0x0800c630   0x0000002a   Data   RO          738    .rodata.str1.1      zf_driver_pit.o
    0x0800c65a   0x0800c65a   0x0000002a   Data   RO          755    .rodata.str1.1      zf_driver_pwm.o
    0x0800c684   0x0800c684   0x0000002f   Data   RO          850    .rodata.str1.1      zf_driver_soft_iic.o
    0x0800c6b3   0x0800c6b3   0x0000002a   Data   RO          955    .rodata.str1.1      zf_driver_spi.o
    0x0800c6dd   0x0800c6dd   0x0000002c   Data   RO          985    .rodata.str1.1      zf_driver_timer.o
    0x0800c709   0x0800c709   0x0000002b   Data   RO         1014    .rodata.str1.1      zf_driver_uart.o
    0x0800c734   0x0800c734   0x00000008   Data   RO         1212    .rodata.str1.1      zf_device_gps_tau1201.o
    0x0800c73c   0x0800c73c   0x0000002d   Data   RO         1465    .rodata.str1.1      zf_device_ips200.o
    0x0800c769   0x0800c769   0x0000002a   Data   RO         1493    .rodata.str1.1      zf_device_key.o
    0x0800c793   0x0800c793   0x00000048   Data   RO         1524    .rodata.str1.1      zf_device_mpu6050.o
    0x0800c7db   0x0800c7db   0x00000062   Data   RO         1558    .rodata.str1.1      zf_device_mt9v03x.o
    0x0800c83d   0x0800c83d   0x00000003   PAD
    0x0800c840   0x0800c840   0x00000020   Data   RO         3259    Region$$Table       anon$$obj.o


    Execution Region RW_m_data (Exec base: 0x20000000, Load base: 0x0800c860, Size: 0x0000c5e8, Max: 0x0001dc00, ABSOLUTE, COMPRESSED[0x000001e4])

    Exec Addr    Load Addr    Size         Type   Attr      Idx    E Section Name        Object

    0x20000000   COMPRESSED   0x00000010   Data   RW          128    .data.CarGo_Menu    menu.o
    0x20000010   COMPRESSED   0x00000010   Data   RW          130    .data.DataParameter_Menu  menu.o
    0x20000020   COMPRESSED   0x0000000c   Data   RW          144    .data.DataParameter_child  menu.o
    0x2000002c   COMPRESSED   0x00000010   Data   RW          131    .data.DataStatusMenu  menu.o
    0x2000003c   COMPRESSED   0x0000000c   Data   RW          146    .data.DataStatus_child  menu.o
    0x20000048   COMPRESSED   0x00000010   Data   RW          132    .data.ImageMenu     menu.o
    0x20000058   COMPRESSED   0x00000001   Data   RW          261    .data.Image_Down    image.o
    0x20000059   COMPRESSED   0x00000003   PAD
    0x2000005c   COMPRESSED   0x00000010   Data   RW          135    .data.Pa_Pid_Menu   menu.o
    0x2000006c   COMPRESSED   0x00000010   Data   RW          134    .data.Pa_Servo_Menu  menu.o
    0x2000007c   COMPRESSED   0x00000010   Data   RW          133    .data.Pa_Speed_Menu  menu.o
    0x2000008c   COMPRESSED   0x00000078   Data   RW          257    .data.QuanZhong     image.o
    0x20000104   COMPRESSED   0x00000044   Data   RW           11    .data.Speed_l       main.o
    0x20000148   COMPRESSED   0x00000044   Data   RW           12    .data.Speed_r       main.o
    0x2000018c   COMPRESSED   0x00000010   Data   RW          138    .data.St_Pid_Menu   menu.o
    0x2000019c   COMPRESSED   0x00000010   Data   RW          137    .data.St_Servo_Menu  menu.o
    0x200001ac   COMPRESSED   0x00000010   Data   RW          136    .data.St_Speed_Menu  menu.o
    0x200001bc   COMPRESSED   0x00000044   Data   RW            8    .data.Turn_t        main.o
    0x20000200   COMPRESSED   0x00000001   Data   RW          260    .data.ZhongZhi      image.o
    0x20000201   COMPRESSED   0x00000001   Data   RW          258    .data.ZhongZhi0     image.o
    0x20000202   COMPRESSED   0x00000001   Data   RW          259    .data.ZhongZhi1     image.o
    0x20000203   COMPRESSED   0x00000001   PAD
    0x20000204   COMPRESSED   0x00000008   Data   RW          528    .data.adc_index     zf_driver_adc.o
    0x2000020c   COMPRESSED   0x00000004   Data   RW         1806    .data.camera_dma_handler  zf_device_type.o
    0x20000210   COMPRESSED   0x00000004   Data   RW         1804    .data.camera_uart_handler  zf_device_type.o
    0x20000214   COMPRESSED   0x00000004   Data   RW         1805    .data.camera_vsync_handler  zf_device_type.o
    0x20000218   COMPRESSED   0x00000008   Data   RW          140    .data.cargomenu_items  menu.o
    0x20000220   COMPRESSED   0x00000004   Data   RW          126    .data.currentMenu   menu.o
    0x20000224   COMPRESSED   0x00000004   Data   RW          125    .data.cursor        menu.o
    0x20000228   COMPRESSED   0x0000000c   Data   RW          143    .data.dataparameter_items  menu.o
    0x20000234   COMPRESSED   0x0000000c   Data   RW          145    .data.datastatus_items  menu.o
    0x20000240   COMPRESSED   0x00000002   Data   RW         1140    .data.dl1a_distance_mm  zf_device_dl1a.o
    0x20000242   COMPRESSED   0x00000002   Data   RW         1167    .data.dm1xa_distance_mm  zf_device_dm1xa.o
    0x20000244   COMPRESSED   0x00000008   Data   RW          573    .data.dma_index     zf_driver_dma.o
    0x2000024c   COMPRESSED   0x00000008   Data   RW          593    .data.encoder_dir_pin  zf_driver_encoder.o
    0x20000254   COMPRESSED   0x00000020   Data   RW          662    .data.gpio_group    zf_driver_gpio.o
    0x20000274   COMPRESSED   0x0000000c   Data   RW          147    .data.imagemenu_items  menu.o
    0x20000280   COMPRESSED   0x00000001   Data   RW         1463    .data.ips200_display_font  zf_device_ips200.o
    0x20000281   COMPRESSED   0x00000001   PAD
    0x20000282   COMPRESSED   0x00000002   Data   RW         1464    .data.ips200_pencolor  zf_device_ips200.o
    0x20000284   COMPRESSED   0x00000002   Data   RW         1459    .data.ips200_x_max  zf_device_ips200.o
    0x20000286   COMPRESSED   0x00000002   Data   RW         1460    .data.ips200_y_max  zf_device_ips200.o
    0x20000288   COMPRESSED   0x00000001   Data   RW         1467    .data.ips_bl_pin    zf_device_ips200.o
    0x20000289   COMPRESSED   0x00000001   Data   RW         1458    .data.ips_cs_pin    zf_device_ips200.o
    0x2000028a   COMPRESSED   0x00000001   Data   RW         1466    .data.ips_rst_pin   zf_device_ips200.o
    0x2000028b   COMPRESSED   0x00000001   PAD
    0x2000028c   COMPRESSED   0x00000010   Data   RW          129    .data.main_Menu     menu.o
    0x2000029c   COMPRESSED   0x00000010   Data   RW          142    .data.main_child    menu.o
    0x200002ac   COMPRESSED   0x00000010   Data   RW          141    .data.main_menu_items  menu.o
    0x200002bc   COMPRESSED   0x00000024   Data   RW         1559    .data.mt9v03x_get_confing_buffer  zf_device_mt9v03x.o
    0x200002e0   COMPRESSED   0x00000028   Data   RW         1556    .data.mt9v03x_set_confing_buffer  zf_device_mt9v03x.o
    0x20000308   COMPRESSED   0x00000001   Data   RW         1555    .data.mt9v03x_type  zf_device_mt9v03x.o
    0x20000309   COMPRESSED   0x00000003   PAD
    0x2000030c   COMPRESSED   0x00000014   Data   RW          150    .data.papid_items   menu.o
    0x20000320   COMPRESSED   0x0000000c   Data   RW          149    .data.paservo_items  menu.o
    0x2000032c   COMPRESSED   0x0000000c   Data   RW          148    .data.paspeed_items  menu.o
    0x20000338   COMPRESSED   0x00000008   Data   RW          954    .data.spi_index     zf_driver_spi.o
    0x20000340   COMPRESSED   0x00000014   Data   RW          153    .data.stpid_items   menu.o
    0x20000354   COMPRESSED   0x0000000c   Data   RW          152    .data.stservo_items  menu.o
    0x20000360   COMPRESSED   0x0000000c   Data   RW          151    .data.stspeed_items  menu.o
    0x2000036c   COMPRESSED   0x00000004   Data   RW          343    .data.system_clock  zf_common_clock.o
    0x20000370   COMPRESSED   0x00000020   Data   RW         1013    .data.uart_index    zf_driver_uart.o
    0x20000390   COMPRESSED   0x00000008   Data   RW         1016    .data.uart_irq      zf_driver_uart.o
    0x20000398   COMPRESSED   0x00000004   Data   RW         1808    .data.wireless_module_uart_handler  zf_device_type.o
    0x2000039c   COMPRESSED   0x00000001   Data   RW          382    .data.zf_debug_assert_enable  zf_common_debug.o
    0x2000039d   COMPRESSED   0x00000003   PAD
    0x200003a0        -       0x00000001   Zero   RW          262    .bss.Best_thrsod    image.o
    0x200003a1        -       0x00000001   Zero   RW          250    .bss.Buzzer_Stop_flag  image.o
    0x200003a2        -       0x00000002   Zero   RW          102    .bss.Left_PWM_Out   isr.o
    0x200003a4        -       0x00000001   Zero   RW          290    .bss.Motor_Protection_flag  control.o
    0x200003a5   COMPRESSED   0x00000001   PAD
    0x200003a6        -       0x00000002   Zero   RW          103    .bss.Right_PWM_Out  isr.o
    0x200003a8        -       0x00000002   Zero   RW          265    .bss.Sum_QuanZhong  image.o
    0x200003aa        -       0x00000002   Zero   RW          264    .bss.Sum_ZhongZhi   image.o
    0x200003ac        -       0x00000001   Zero   RW          247    .bss.YueJie_flag    image.o
    0x200003ad        -       0x00000002   Zero   RW          529    .bss.adc_resolution  zf_driver_adc.o
    0x200003af        -       0x00000008   Zero   RW         1097    .bss.camera_receiver_buffer  zf_device_camera.o
    0x200003b7   COMPRESSED   0x00000001   PAD
    0x200003b8        -       0x00000018   Zero   RW         1096    .bss.camera_receiver_fifo  zf_device_camera.o
    0x200003d0        -       0x00000001   Zero   RW         1803    .bss.camera_type    zf_device_type.o
    0x200003d1        -       0x00000078   Zero   RW          263    .bss.center_line    image.o
    0x20000449        -       0x00000001   Zero   RW           94    .bss.count1         isr.o
    0x2000044a   COMPRESSED   0x00000002   PAD
    0x2000044c        -       0x00000004   Zero   RW          127    .bss.currentIndex   menu.o
    0x20000450        -       0x00000002   Zero   RW          240    .bss.data_statics_l  image.o
    0x20000452        -       0x00000002   Zero   RW          241    .bss.data_statics_r  image.o
    0x20000454        -       0x00000001   Zero   RW          383    .bss.debug_assert_handler.assert_nest_index  zf_common_debug.o
    0x20000455   COMPRESSED   0x00000003   PAD
    0x20000458        -       0x00000014   Zero   RW          385    .bss.debug_output_info  zf_common_debug.o
    0x2000046c        -       0x00000210   Zero   RW          238    .bss.dir_l          image.o
    0x2000067c        -       0x00000210   Zero   RW          239    .bss.dir_r          image.o
    0x2000088c        -       0x00000001   Zero   RW         1139    .bss.dl1a_finsh_flag  zf_device_dl1a.o
    0x2000088d   COMPRESSED   0x00000003   PAD
    0x20000890        -       0x00000010   Zero   RW         1141    .bss.dl1a_iic_struct  zf_device_dl1a.o
    0x200008a0        -       0x00000004   Zero   RW         1165    .bss.dm1xa_plus_count  zf_device_dm1xa.o
    0x200008a4        -       0x00000001   Zero   RW         1166    .bss.dm1xa_ranging_state  zf_device_dm1xa.o
    0x200008a5        -       0x00000001   Zero   RW         1164    .bss.dm1xa_type     zf_device_dm1xa.o
    0x200008a6   COMPRESSED   0x00000002   PAD
    0x200008a8        -       0x00000004   Zero   RW           98    .bss.en_location1   isr.o
    0x200008ac        -       0x00000004   Zero   RW          101    .bss.en_location2   isr.o
    0x200008b0        -       0x00000004   Zero   RW           97    .bss.en_speed1      isr.o
    0x200008b4        -       0x00000004   Zero   RW          100    .bss.en_speed2      isr.o
    0x200008b8        -       0x00000004   Zero   RW           96    .bss.encoder1       isr.o
    0x200008bc        -       0x00000004   Zero   RW           99    .bss.encoder2       isr.o
    0x200008c0        -       0x00000080   Zero   RW         1209    .bss.gps_gga_buffer  zf_device_gps_tau1201.o
    0x20000940        -       0x00000001   Zero   RW         1204    .bss.gps_gga_state  zf_device_gps_tau1201.o
    0x20000941        -       0x00000080   Zero   RW         1207    .bss.gps_rmc_buffer  zf_device_gps_tau1201.o
    0x200009c1        -       0x00000001   Zero   RW         1205    .bss.gps_rmc_state  zf_device_gps_tau1201.o
    0x200009c2        -       0x00000001   Zero   RW         1203    .bss.gps_tau1201_flag  zf_device_gps_tau1201.o
    0x200009c3   COMPRESSED   0x00000001   PAD
    0x200009c4        -       0x00000018   Zero   RW         1211    .bss.gps_tau1201_receiver_fifo  zf_device_gps_tau1201.o
    0x200009dc        -       0x00000001   Zero   RW         1210    .bss.gps_tau1201_state  zf_device_gps_tau1201.o
    0x200009dd        -       0x00000001   Zero   RW          242    .bss.hightest       image.o
    0x200009de        -       0x00005820   Zero   RW         1561    .bss.image_copy     zf_device_mt9v03x.o
    0x200061fe   COMPRESSED   0x00000002   PAD
    0x20006200        -       0x00000004   Zero   RW          510    .bss.interrupt_nest_count  zf_common_interrupt.o
    0x20006204        -       0x00000002   Zero   RW         1461    .bss.ips200_bgcolor  zf_device_ips200.o
    0x20006206        -       0x00000001   Zero   RW         1462    .bss.ips200_display_dir  zf_device_ips200.o
    0x20006207        -       0x00000001   Zero   RW         1457    .bss.ips200_display_type  zf_device_ips200.o
    0x20006208        -       0x00000010   Zero   RW         1490    .bss.key_press_time  zf_device_key.o
    0x20006218        -       0x00000004   Zero   RW         1492    .bss.key_state      zf_device_key.o
    0x2000621c        -       0x00000078   Zero   RW          245    .bss.l_border       image.o
    0x20006294        -       0x00000001   Zero   RW          234    .bss.l_found        image.o
    0x20006295        -       0x00000001   Zero   RW          253    .bss.left_down_point  image.o
    0x20006296        -       0x00000001   Zero   RW          252    .bss.left_up_point  image.o
    0x20006297   COMPRESSED   0x00000001   PAD
    0x20006298        -       0x00000002   Zero   RW         1520    .bss.mpu6050_acc_x  zf_device_mpu6050.o
    0x2000629a        -       0x00000002   Zero   RW         1521    .bss.mpu6050_acc_y  zf_device_mpu6050.o
    0x2000629c        -       0x00000002   Zero   RW         1522    .bss.mpu6050_acc_z  zf_device_mpu6050.o
    0x2000629e        -       0x00000002   Zero   RW         1517    .bss.mpu6050_gyro_x  zf_device_mpu6050.o
    0x200062a0        -       0x00000002   Zero   RW         1518    .bss.mpu6050_gyro_y  zf_device_mpu6050.o
    0x200062a2        -       0x00000002   Zero   RW         1519    .bss.mpu6050_gyro_z  zf_device_mpu6050.o
    0x200062a4        -       0x00000010   Zero   RW         1523    .bss.mpu6050_iic_struct  zf_device_mpu6050.o
    0x200062b4        -       0x00000001   Zero   RW         1554    .bss.mt9v03x_finish_flag  zf_device_mt9v03x.o
    0x200062b5   COMPRESSED   0x00000003   PAD
    0x200062b8        -       0x00000004   Zero   RW         3005    .bss.mt9v03x_h_blank  zf_device_config.lib(zf_device_config.o)
    0x200062bc        -       0x00000010   Zero   RW         3003    .bss.mt9v03x_iic_inf_struct  zf_device_config.lib(zf_device_config.o)
    0x200062cc        -       0x00005820   Zero   RW         1560    .bss.mt9v03x_image  zf_device_mt9v03x.o
    0x2000baec        -       0x00000014   Zero   RW         3004    .bss.mt9v03x_init_config  zf_device_config.lib(zf_device_config.o)
    0x2000bb00        -       0x00000004   Zero   RW         3006    .bss.mt9v03x_v_blank  zf_device_config.lib(zf_device_config.o)
    0x2000bb04        -       0x00000002   Zero   RW         1557    .bss.mt9v03x_version  zf_device_mt9v03x.o
    0x2000bb06        -       0x00000001   Zero   RW          266    .bss.pid_flag       image.o
    0x2000bb07   COMPRESSED   0x00000001   PAD
    0x2000bb08        -       0x00000420   Zero   RW          236    .bss.points_l       image.o
    0x2000bf28        -       0x00000420   Zero   RW          237    .bss.points_r       image.o
    0x2000c348        -       0x00000078   Zero   RW          246    .bss.r_border       image.o
    0x2000c3c0        -       0x00000001   Zero   RW          235    .bss.r_found        image.o
    0x2000c3c1        -       0x00000001   Zero   RW          255    .bss.right_down_point  image.o
    0x2000c3c2        -       0x00000001   Zero   RW          254    .bss.right_up_point  image.o
    0x2000c3c3   COMPRESSED   0x00000001   PAD
    0x2000c3c4        -       0x00000004   Zero   RW         1491    .bss.scanner_period  zf_device_key.o
    0x2000c3c8        -       0x00000002   Zero   RW          232    .bss.start_point_l  image.o
    0x2000c3ca        -       0x00000002   Zero   RW          233    .bss.start_point_r  image.o
    0x2000c3cc        -       0x00000008   Zero   RW          983    .bss.timer_function_state  zf_driver_timer.o
    0x2000c3d4        -       0x00000008   Zero   RW          984    .bss.timer_mode_state  zf_driver_timer.o
    0x2000c3dc        -       0x00000200   Zero   RW         1784    .bss.tsl1401_data   zf_device_tsl1401.o
    0x2000c5dc        -       0x00000001   Zero   RW         1785    .bss.tsl1401_finish_flag  zf_device_tsl1401.o
    0x2000c5dd        -       0x00000001   Zero   RW         1783    .bss.tsl1401_init_state  zf_device_tsl1401.o
    0x2000c5de        -       0x00000008   Zero   RW         1015    .bss.uart_interrupt_state  zf_driver_uart.o
    0x2000c5e6        -       0x00000001   Zero   RW          381    .bss.zf_debug_init_flag  zf_common_debug.o


    Execution Region ARM_LIB_HEAP (Exec base: 0x2000c5e8, Load base: 0x0800ca44, Size: 0x00000400, Max: 0x00000400, ABSOLUTE)

    Exec Addr    Load Addr    Size         Type   Attr      Idx    E Section Name        Object

    0x2000c5e8        -       0x00000400   Zero   RW            1    ARM_LIB_HEAP.bss    anon$$obj.o


    Execution Region ARM_LIB_STACK (Exec base: 0x2001e000, Load base: 0x0800ca44, Size: 0x00002000, Max: 0x00002000, ABSOLUTE)

    Exec Addr    Load Addr    Size         Type   Attr      Idx    E Section Name        Object

    0x2001e000        -       0x00002000   Zero   RW            2    ARM_LIB_STACK.bss   anon$$obj.o


==============================================================================

Image component sizes


      Code (inc. data)   RO Data    RW Data    ZI Data      Debug   Object Name

        72          0          0          0          0       1545   beep.o
       370          0          0          0          1       4112   control.o
      9738          0         63        124       3551      14451   image.o
      2504          0          0          0         29       8471   isr.o
       418          0          0        204          0       6070   main.o
       954          0        231        372          4       3093   menu.o
       558          0          0          0          0       2257   pid.o
        36          8        400          0          0        812   startup_mm32f3277g.o
        16          0          0          0          0        412   system_mm32f3277g.o
       832          0          0          4          0       2953   zf_common_clock.o
      1790          0        274          1         22       8635   zf_common_debug.o
      1882          0         43          0          0       5692   zf_common_fifo.o
         0          0       2072          0          0        860   zf_common_font.o
       274          0         47          0          0       8736   zf_common_function.o
       386          0          0          0          4       5029   zf_common_interrupt.o
       252          0          0          0         32       5231   zf_device_camera.o
       172          0          0          2         17       8210   zf_device_dl1a.o
       328          4          0          2          6       3802   zf_device_dm1xa.o
       332          0          8          0        284       8869   zf_device_gps_tau1201.o
      4746          4         45         10          4      12895   zf_device_ips200.o
       460          0         46          0         24       3173   zf_device_key.o
       486          0         72          0         28       3490   zf_device_mpu6050.o
      1300          0         98         77      45123       7329   zf_device_mt9v03x.o
       230          0          0          0        514       3653   zf_device_tsl1401.o
       168          0          0         16          1       1773   zf_device_type.o
       158          0          0          8          2       4933   zf_driver_adc.o
       174          0         44          0          0       1186   zf_driver_delay.o
       534         22          0          8          0       4218   zf_driver_dma.o
       750         24         46          8          0       6069   zf_driver_encoder.o
       708         28          0          0          0       5182   zf_driver_exti.o
      1092          0          0         32          0       5129   zf_driver_gpio.o
       316          8         42          0          0       5058   zf_driver_pit.o
       970         16         42          0          0       5443   zf_driver_pwm.o
      2720          0         47          0          0       9698   zf_driver_soft_iic.o
      1264          4         42          8          0       9383   zf_driver_spi.o
       978         32         44          0         16       7478   zf_driver_timer.o
      1256          8         43         40          8       7696   zf_driver_uart.o

    ----------------------------------------------------------------------
     39420        158       3784        928      58908     203026   Object Totals
         0          0         32          0       9216          0   (incl. Generated)
       196          0          3         12         22          0   (incl. Padding)

    ----------------------------------------------------------------------

      Code (inc. data)   RO Data    RW Data    ZI Data      Debug   Library Member Name

        86          0          0          0          0          0   __dczerorl2.o
         0          0          0          0          0          0   entry.o
         0          0          0          0          0          0   entry10a.o
         0          0          0          0          0          0   entry11a.o
         8          4          0          0          0          0   entry4.o
         4          0          0          0          0          0   entry5.o
         0          0          0          0          0          0   entry7b.o
         0          0          0          0          0          0   entry8b.o
         8          4          0          0          0          0   entry9a.o
        30          0          0          0          0          0   handlers.o
        36          8          0          0          0         68   init.o
         0          0          0          0          0          0   iusefp.o
        30          0          0          0          0         68   llshl.o
        36          0          0          0          0         68   llsshr.o
        32          0          0          0          0         68   llushr.o
        36          0          0          0          0         68   memcpya.o
        36          0          0          0          0        108   memseta.o
      2276         86          0          0          0        520   printfa.o
        14          0          0          0          0         68   strlen.o
        30          0          0          0          0         80   strncmp.o
        44          0          0          0          0         80   uidiv.o
        98          0          0          0          0         92   uldiv.o
        48          0          0          0          0         68   cdrcmple.o
        56          0          0          0          0         88   d2f.o
       334          0          0          0          0        148   dadd.o
        56          0          0          0          0         80   dcmpeq.o
        54          0          0          0          0         80   dcmple.o
       222          0          0          0          0        100   ddiv.o
       186          0          0          0          0        176   depilogue.o
        50          0          0          0          0         76   dfixui.o
        48          0          0          0          0         68   dfixul.o
        34          0          0          0          0         76   dflti.o
       228          0          0          0          0         96   dmul.o
        38          0          0          0          0         68   f2d.o
       176          0          0          0          0        140   fadd.o
        28          0          0          0          0         68   fcmpeq.o
        28          0          0          0          0         68   fcmpge.o
        28          0          0          0          0         68   fcmple.o
       124          0          0          0          0         88   fdiv.o
       110          0          0          0          0        168   fepilogue.o
        50          0          0          0          0         68   ffixi.o
        40          0          0          0          0         68   ffixui.o
        18          0          0          0          0         68   fflti.o
        10          0          0          0          0         68   ffltui.o
       100          0          0          0          0         76   fmul.o
      2588          0          0          0         44       3849   zf_device_config.o

    ----------------------------------------------------------------------
      7468        102          0          0         44       7209   Library Totals
        10          0          0          0          0          0   (incl. Padding)

    ----------------------------------------------------------------------

      Code (inc. data)   RO Data    RW Data    ZI Data      Debug   Library Name

      2804        102          0          0          0       1288   mc_w.l
      2066          0          0          0          0       2072   mf_w.l
      2588          0          0          0         44       3849   zf_device_config.lib

    ----------------------------------------------------------------------
      7468        102          0          0         44       7209   Library Totals

    ----------------------------------------------------------------------

==============================================================================


      Code (inc. data)   RO Data    RW Data    ZI Data      Debug   

     46888        260       3784        928      58952     208051   Grand Totals
     46888        260       3784        484      58952     208051   ELF Image Totals (compressed)
     46888        260       3784        484          0          0   ROM Totals

==============================================================================

    Total RO  Size (Code + RO Data)                50672 (  49.48kB)
    Total RW  Size (RW Data + ZI Data)             59880 (  58.48kB)
    Total ROM Size (Code + RO Data + RW Data)      51156 (  49.96kB)

==============================================================================

